Archive member included to satisfy reference by file (symbol)

/usr/local/mcuxpressoide-11.5.0_7232/ide/plugins/com.nxp.mcuxpresso.tools.linux_11.5.0.202107051138/tools/bin/../lib/gcc/arm-none-eabi/10.3.1/../../../../arm-none-eabi/lib/thumb/v8-m.main+fp/hard/libcr_nohost_nf.a(_cr__main.o)
                              ./startup/startup_lpc55s69_cm33_core0.o (__main)
/usr/local/mcuxpressoide-11.5.0_7232/ide/plugins/com.nxp.mcuxpresso.tools.linux_11.5.0.202107051138/tools/bin/../lib/gcc/arm-none-eabi/10.3.1/../../../../arm-none-eabi/lib/thumb/v8-m.main+fp/hard/libcr_nohost_nf.a(_cr_assert.o)
                              ./drivers/fsl_clock.o (__assertion_failed)
/usr/local/mcuxpressoide-11.5.0_7232/ide/plugins/com.nxp.mcuxpresso.tools.linux_11.5.0.202107051138/tools/bin/../lib/gcc/arm-none-eabi/10.3.1/../../../../arm-none-eabi/lib/thumb/v8-m.main+fp/hard/libcr_nohost_nf.a(__ciob.o)
                              /usr/local/mcuxpressoide-11.5.0_7232/ide/plugins/com.nxp.mcuxpresso.tools.linux_11.5.0.202107051138/tools/bin/../lib/gcc/arm-none-eabi/10.3.1/../../../../arm-none-eabi/lib/thumb/v8-m.main+fp/hard/libcr_nohost_nf.a(_cr_assert.o) (__Ciob)
/usr/local/mcuxpressoide-11.5.0_7232/ide/plugins/com.nxp.mcuxpresso.tools.linux_11.5.0.202107051138/tools/bin/../lib/gcc/arm-none-eabi/10.3.1/../../../../arm-none-eabi/lib/thumb/v8-m.main+fp/hard/libcr_nohost_nf.a(__sys_appexit.o)
                              /usr/local/mcuxpressoide-11.5.0_7232/ide/plugins/com.nxp.mcuxpresso.tools.linux_11.5.0.202107051138/tools/bin/../lib/gcc/arm-none-eabi/10.3.1/../../../../arm-none-eabi/lib/thumb/v8-m.main+fp/hard/libcr_nohost_nf.a(_cr_assert.o) (__sys_appexit)
/usr/local/mcuxpressoide-11.5.0_7232/ide/plugins/com.nxp.mcuxpresso.tools.linux_11.5.0.202107051138/tools/bin/../lib/gcc/arm-none-eabi/10.3.1/../../../../arm-none-eabi/lib/thumb/v8-m.main+fp/hard/libcr_c.a(memcpy.o)
                              ./utilities/fsl_str.o (memcpy)
/usr/local/mcuxpressoide-11.5.0_7232/ide/plugins/com.nxp.mcuxpresso.tools.linux_11.5.0.202107051138/tools/bin/../lib/gcc/arm-none-eabi/10.3.1/../../../../arm-none-eabi/lib/thumb/v8-m.main+fp/hard/libcr_c.a(memset.o)
                              ./utilities/fsl_debug_console.o (memset)
/usr/local/mcuxpressoide-11.5.0_7232/ide/plugins/com.nxp.mcuxpresso.tools.linux_11.5.0.202107051138/tools/bin/../lib/gcc/arm-none-eabi/10.3.1/../../../../arm-none-eabi/lib/thumb/v8-m.main+fp/hard/libcr_c.a(_deferredlazyseek.o)
                              /usr/local/mcuxpressoide-11.5.0_7232/ide/plugins/com.nxp.mcuxpresso.tools.linux_11.5.0.202107051138/tools/bin/../lib/gcc/arm-none-eabi/10.3.1/../../../../arm-none-eabi/lib/thumb/v8-m.main+fp/hard/libcr_nohost_nf.a(_cr_assert.o) (__flsbuf)
/usr/local/mcuxpressoide-11.5.0_7232/ide/plugins/com.nxp.mcuxpresso.tools.linux_11.5.0.202107051138/tools/bin/../lib/gcc/arm-none-eabi/10.3.1/../../../../arm-none-eabi/lib/thumb/v8-m.main+fp/hard/libcr_c.a(_fflush.o)
                              /usr/local/mcuxpressoide-11.5.0_7232/ide/plugins/com.nxp.mcuxpresso.tools.linux_11.5.0.202107051138/tools/bin/../lib/gcc/arm-none-eabi/10.3.1/../../../../arm-none-eabi/lib/thumb/v8-m.main+fp/hard/libcr_c.a(_deferredlazyseek.o) (_fflush)
/usr/local/mcuxpressoide-11.5.0_7232/ide/plugins/com.nxp.mcuxpresso.tools.linux_11.5.0.202107051138/tools/bin/../lib/gcc/arm-none-eabi/10.3.1/../../../../arm-none-eabi/lib/thumb/v8-m.main+fp/hard/libcr_c.a(_writebuf.o)
                              /usr/local/mcuxpressoide-11.5.0_7232/ide/plugins/com.nxp.mcuxpresso.tools.linux_11.5.0.202107051138/tools/bin/../lib/gcc/arm-none-eabi/10.3.1/../../../../arm-none-eabi/lib/thumb/v8-m.main+fp/hard/libcr_c.a(_deferredlazyseek.o) (_Cwritebuf)
/usr/local/mcuxpressoide-11.5.0_7232/ide/plugins/com.nxp.mcuxpresso.tools.linux_11.5.0.202107051138/tools/bin/../lib/gcc/arm-none-eabi/10.3.1/../../../../arm-none-eabi/lib/thumb/v8-m.main+fp/hard/libcr_c.a(alloc.o)
                              ./drivers/fsl_common.o (malloc)
/usr/local/mcuxpressoide-11.5.0_7232/ide/plugins/com.nxp.mcuxpresso.tools.linux_11.5.0.202107051138/tools/bin/../lib/gcc/arm-none-eabi/10.3.1/../../../../arm-none-eabi/lib/thumb/v8-m.main+fp/hard/libcr_c.a(errno.o)
                              ./utilities/fsl_str.o (errno)
/usr/local/mcuxpressoide-11.5.0_7232/ide/plugins/com.nxp.mcuxpresso.tools.linux_11.5.0.202107051138/tools/bin/../lib/gcc/arm-none-eabi/10.3.1/../../../../arm-none-eabi/lib/thumb/v8-m.main+fp/hard/libcr_c.a(fputs.o)
                              /usr/local/mcuxpressoide-11.5.0_7232/ide/plugins/com.nxp.mcuxpresso.tools.linux_11.5.0.202107051138/tools/bin/../lib/gcc/arm-none-eabi/10.3.1/../../../../arm-none-eabi/lib/thumb/v8-m.main+fp/hard/libcr_nohost_nf.a(_cr_assert.o) (fputs)
/usr/local/mcuxpressoide-11.5.0_7232/ide/plugins/com.nxp.mcuxpresso.tools.linux_11.5.0.202107051138/tools/bin/../lib/gcc/arm-none-eabi/10.3.1/../../../../arm-none-eabi/lib/thumb/v8-m.main+fp/hard/libcr_c.a(fseek.o)
[...]
Memory Configuration

Name             Origin             Length             Attributes
PROGRAM_FLASH    0x0000000000000000 0x000000000009d800 xr
SRAM             0x0000000020000000 0x0000000000040000 xrw
SRAMX            0x0000000004000000 0x0000000000008000 xrw
USB_RAM          0x0000000040100000 0x0000000000004000 xrw
SRAM4            0x0000000020040000 0x0000000000004000 xrw
*default*        0x0000000000000000 0xffffffffffffffff

Linker script and memory map

LOAD ./utilities/fsl_debug_console.o
LOAD ./utilities/fsl_str.o
LOAD ./startup/boot_multicore_slave.o
LOAD ./startup/startup_lpc55s69_cm33_core0.o
LOAD ./source/LPC55S69_M3C.o
LOAD ./source/semihost_hardfault.o
LOAD ./freertos/freertos_kernel/portable/MemMang/heap_4.o
LOAD ./freertos/freertos_kernel/portable/GCC/ARM_CM33_NTZ/non_secure/port.o
LOAD ./freertos/freertos_kernel/portable/GCC/ARM_CM33_NTZ/non_secure/portasm.o
LOAD ./freertos/freertos_kernel/croutine.o
LOAD ./freertos/freertos_kernel/event_groups.o
LOAD ./freertos/freertos_kernel/list.o
LOAD ./freertos/freertos_kernel/queue.o
LOAD ./freertos/freertos_kernel/stream_buffer.o
LOAD ./freertos/freertos_kernel/tasks.o
LOAD ./freertos/freertos_kernel/timers.o
LOAD ./drivers/freertos/fsl_usart_freertos.o
LOAD ./drivers/fsl_clock.o
LOAD ./drivers/fsl_common.o
LOAD ./drivers/fsl_common_arm.o
LOAD ./drivers/fsl_flexcomm.o
LOAD ./drivers/fsl_gpio.o
LOAD ./drivers/fsl_i2c.o
LOAD ./drivers/fsl_power.o
LOAD ./drivers/fsl_reset.o
LOAD ./drivers/fsl_sctimer.o
LOAD ./drivers/fsl_spi.o
LOAD ./drivers/fsl_usart.o
LOAD ./device/system_LPC55S69_cm33_core0.o
LOAD ./component/uart/fsl_adapter_usart.o
LOAD ./component/serial_manager/fsl_component_serial_manager.o
LOAD ./component/serial_manager/fsl_component_serial_port_uart.o
LOAD ./component/lists/fsl_component_generic_list.o
LOAD ./board/board.o
LOAD ./board/clock_config.o
LOAD ./board/peripherals.o
LOAD ./board/pin_mux.o
START GROUP
LOAD /usr/local/mcuxpressoide-11.5.0_7232/ide/plugins/com.nxp.mcuxpresso.tools.linux_11.5.0.202107051138/tools/bin/../lib/gcc/arm-none-eabi/10.3.1/../../../../arm-none-eabi/lib/thumb/v8-m.main+fp/hard/libcr_nohost_nf.a
LOAD /usr/local/mcuxpressoide-11.5.0_7232/ide/plugins/com.nxp.mcuxpresso.tools.linux_11.5.0.202107051138/tools/bin/../lib/gcc/arm-none-eabi/10.3.1/../../../../arm-none-eabi/lib/thumb/v8-m.main+fp/hard/libcr_c.a
LOAD /usr/local/mcuxpressoide-11.5.0_7232/ide/plugins/com.nxp.mcuxpresso.tools.linux_11.5.0.202107051138/tools/bin/../lib/gcc/arm-none-eabi/10.3.1/thumb/v8-m.main+fp/hard/libcr_eabihelpers.a
LOAD /usr/local/mcuxpressoide-11.5.0_7232/ide/plugins/com.nxp.mcuxpresso.tools.linux_11.5.0.202107051138/tools/bin/../lib/gcc/arm-none-eabi/10.3.1/thumb/v8-m.main+fp/hard/libgcc.a
END GROUP
                0x0000000000000000                __base_PROGRAM_FLASH = 0x0
                0x0000000000000000                __base_Flash = 0x0
                0x000000000009d800                __top_PROGRAM_FLASH = 0x9d800
                0x000000000009d800                __top_Flash = 0x9d800
                0x0000000020000000                __base_SRAM = 0x20000000
                0x0000000020000000                __base_RAM = 0x20000000
                0x0000000020040000                __top_SRAM = 0x20040000
                0x0000000020040000                __top_RAM = 0x20040000
                0x0000000004000000                __base_SRAMX = 0x4000000
                0x0000000004000000                __base_RAM2 = 0x4000000
                0x0000000004008000                __top_SRAMX = 0x4008000
                0x0000000004008000                __top_RAM2 = 0x4008000
                0x0000000040100000                __base_USB_RAM = 0x40100000
                0x0000000040100000                __base_RAM3 = 0x40100000
                0x0000000040104000                __top_USB_RAM = 0x40104000
                0x0000000040104000                __top_RAM3 = 0x40104000
                0x0000000020040000                __base_SRAM4 = 0x20040000
                0x0000000020040000                __base_RAM4 = 0x20040000
                0x0000000020044000                __top_SRAM4 = 0x20044000
                0x0000000020044000                __top_RAM4 = 0x20044000

.text           0x0000000000000000     0x5e90
 FILL mask 0xff
                0x0000000000000000                __vectors_start__ = ABSOLUTE (.)
 *(SORT_BY_ALIGNMENT(.isr_vector))
 .isr_vector    0x0000000000000000      0x130 ./startup/startup_lpc55s69_cm33_core0.o
                0x0000000000000000                __Vectors
                0x0000000000000000                g_pfnVectors
                0x0000000000000130                . = ALIGN (0x4)
                0x0000000000000130                __section_table_start = .
                0x0000000000000130                __data_section_table = .
                0x0000000000000130        0x4 LONG 0x5e90 LOADADDR (.data)
                0x0000000000000134        0x4 LONG 0x20000000 ADDR (.data)
                0x0000000000000138        0x4 LONG 0x10 SIZEOF (.data)
                0x000000000000013c        0x4 LONG 0x5e90 LOADADDR (.data_RAM2)
                0x0000000000000140        0x4 LONG 0x4000000 ADDR (.data_RAM2)
                0x0000000000000144        0x4 LONG 0x0 SIZEOF (.data_RAM2)
                0x0000000000000148        0x4 LONG 0x5e90 LOADADDR (.data_RAM3)
                0x000000000000014c        0x4 LONG 0x40100000 ADDR (.data_RAM3)
                0x0000000000000150        0x4 LONG 0x0 SIZEOF (.data_RAM3)
                0x0000000000000154        0x4 LONG 0x5e90 LOADADDR (.data_RAM4)
                0x0000000000000158        0x4 LONG 0x20040000 ADDR (.data_RAM4)
                0x000000000000015c        0x4 LONG 0x0 SIZEOF (.data_RAM4)
                0x0000000000000160                __data_section_table_end = .
                0x0000000000000160                __bss_section_table = .
                0x0000000000000160        0x4 LONG 0x20000010 ADDR (.bss)
                0x0000000000000164        0x4 LONG 0x2adc SIZEOF (.bss)
                0x0000000000000168        0x4 LONG 0x4000000 ADDR (.bss_RAM2)
                0x000000000000016c        0x4 LONG 0x0 SIZEOF (.bss_RAM2)
                0x0000000000000170        0x4 LONG 0x40100000 ADDR (.bss_RAM3)
                0x0000000000000174        0x4 LONG 0x0 SIZEOF (.bss_RAM3)
                0x0000000000000178        0x4 LONG 0x20040000 ADDR (.bss_RAM4)
                0x000000000000017c        0x4 LONG 0x0 SIZEOF (.bss_RAM4)
                0x0000000000000180                __bss_section_table_end = .
                0x0000000000000180                __section_table_end = .
 *(SORT_BY_ALIGNMENT(.after_vectors*))
 .after_vectors.reset
                0x0000000000000180       0x68 ./startup/startup_lpc55s69_cm33_core0.o
                0x0000000000000180                ResetISR
 .after_vectors.init_data
                0x00000000000001e8       0x1e ./startup/startup_lpc55s69_cm33_core0.o
                0x00000000000001e8                data_init
 .after_vectors.init_bss
                0x0000000000000206       0x12 ./startup/startup_lpc55s69_cm33_core0.o
                0x0000000000000206                bss_init
 .after_vectors
                0x0000000000000218       0x16 ./startup/startup_lpc55s69_cm33_core0.o
                0x0000000000000218                NMI_Handler
                0x000000000000021c                MemManage_Handler
                0x000000000000021e                BusFault_Handler
                0x0000000000000220                UsageFault_Handler
                0x0000000000000222                SecureFault_Handler
                0x0000000000000226                DebugMon_Handler
                0x000000000000022c                Reserved39_DriverIRQHandler
                0x000000000000022c                DMA0_DriverIRQHandler
                0x000000000000022c                Reserved42_DriverIRQHandler
                0x000000000000022c                SEC_VIO_DriverIRQHandler
                0x000000000000022c                PIN_INT3_DriverIRQHandler
                0x000000000000022c                PIN_INT2_DriverIRQHandler
                0x000000000000022c                Reserved56_DriverIRQHandler
                0x000000000000022c                PIN_INT0_DriverIRQHandler
                0x000000000000022c                CTIMER2_DriverIRQHandler
                0x000000000000022c                IntDefaultHandler
                0x000000000000022c                USB0_DriverIRQHandler
                0x000000000000022c                CASER_DriverIRQHandler
                0x000000000000022c                MRT0_DriverIRQHandler
                0x000000000000022c                UTICK0_DriverIRQHandler
                0x000000000000022c                Reserved41_DriverIRQHandler
                0x000000000000022c                PIN_INT4_DriverIRQHandler
                0x000000000000022c                PIN_INT5_DriverIRQHandler
                0x000000000000022c                SEC_GPIO_INT0_IRQ0_DriverIRQHandler
                0x000000000000022c                CTIMER4_DriverIRQHandler
                0x000000000000022c                GINT1_DriverIRQHandler
                0x000000000000022c                PIN_INT7_DriverIRQHandler
                0x000000000000022c                Reserved55_DriverIRQHandler
                0x000000000000022c                HASHCRYPT_DriverIRQHandler
                0x000000000000022c                USB0_NEEDCLK_DriverIRQHandler
                0x000000000000022c                CTIMER0_DriverIRQHandler
                0x000000000000022c                CTIMER1_DriverIRQHandler
                0x000000000000022c                PIN_INT6_DriverIRQHandler
                0x000000000000022c                PQ_DriverIRQHandler
                0x000000000000022c                MAILBOX_DriverIRQHandler
                0x000000000000022c                PIN_INT1_DriverIRQHandler
                0x000000000000022c                CTIMER3_DriverIRQHandler
                0x000000000000022c                Reserved61_DriverIRQHandler
                0x000000000000022c                SEC_GPIO_INT0_IRQ1_DriverIRQHandler
                0x000000000000022c                PUF_DriverIRQHandler
                0x000000000000022c                RTC_DriverIRQHandler
                0x000000000000022c                USB1_DriverIRQHandler
                0x000000000000022c                Reserved60_DriverIRQHandler
                0x000000000000022c                DMA1_DriverIRQHandler
                0x000000000000022c                ADC0_DriverIRQHandler
                0x000000000000022c                USB1_NEEDCLK_DriverIRQHandler
                0x000000000000022c                Reserved59_DriverIRQHandler
                0x000000000000022c                SDIO_DriverIRQHandler
                0x000000000000022c                GINT0_DriverIRQHandler
                0x000000000000022c                USB1_PHY_DriverIRQHandler
                0x000000000000022c                ACMP_DriverIRQHandler
                0x000000000000022c                Reserved57_DriverIRQHandler
                0x000000000000022c                Reserved46_DriverIRQHandler
                0x000000000000022c                WDT_BOD_DriverIRQHandler
                0x000000000000022c                PLU_DriverIRQHandler
                0x000000000000022c                OS_EVENT_DriverIRQHandler
                0x000000000000022c                SEC_HYPERVISOR_CALL_DriverIRQHandler
 *(SORT_BY_ALIGNMENT(.text*))
 *fill*         0x000000000000022e        0x2 ff
 .text.vRestoreContextOfFirstTask
                0x0000000000000230       0x38 ./freertos/freertos_kernel/portable/GCC/ARM_CM33_NTZ/non_secure/portasm.o
                0x0000000000000230                vRestoreContextOfFirstTask
 *fill*         0x0000000000000268        0x8 ff
 .text.vStartFirstTask
                0x0000000000000270       0x28 ./freertos/freertos_kernel/portable/GCC/ARM_CM33_NTZ/non_secure/portasm.o
                0x0000000000000270                vStartFirstTask
 *fill*         0x0000000000000298        0x8 ff
 .text.PendSV_Handler
                0x00000000000002a0       0x58 ./freertos/freertos_kernel/portable/GCC/ARM_CM33_NTZ/non_secure/portasm.o
                0x00000000000002a0                PendSV_Handler
 *fill*         0x00000000000002f8        0x8 ff
 .text.SVC_Handler
                0x0000000000000300       0x28 ./freertos/freertos_kernel/portable/GCC/ARM_CM33_NTZ/non_secure/portasm.o
                0x0000000000000300                SVC_Handler
 .text.DbgConsole_SendDataReliable
                0x0000000000000328       0x54 ./utilities/fsl_debug_console.o
                0x0000000000000328                DbgConsole_SendDataReliable
 .text.DbgConsole_Init
                0x000000000000037c      0x118 ./utilities/fsl_debug_console.o
                0x000000000000037c                DbgConsole_Init
 .text.DbgConsole_Vprintf
                0x0000000000000494       0x6c ./utilities/fsl_debug_console.o
                0x0000000000000494                DbgConsole_Vprintf
 .text.main     0x0000000000000500       0x90 ./source/LPC55S69_M3C.o
                0x0000000000000500                main
 .text.hello_task
                0x0000000000000590       0x40 ./source/LPC55S69_M3C.o
 .text.led_task
                0x00000000000005d0       0x48 ./source/LPC55S69_M3C.o
 .text.pvPortMalloc
                0x0000000000000618      0x190 ./freertos/freertos_kernel/portable/MemMang/heap_4.o
                0x0000000000000618                pvPortMalloc
 .text.vPortFree
                0x00000000000007a8       0xa4 ./freertos/freertos_kernel/portable/MemMang/heap_4.o
                0x00000000000007a8                vPortFree
 .text.prvHeapInit
                0x000000000000084c       0xc4 ./freertos/freertos_kernel/portable/MemMang/heap_4.o
 .text.prvInsertBlockIntoFreeList
                0x0000000000000910       0xb4 ./freertos/freertos_kernel/portable/MemMang/heap_4.o
 .text.vPortSetupTimerInterrupt
                0x00000000000009c4       0x48 ./freertos/freertos_kernel/portable/GCC/ARM_CM33_NTZ/non_secure/port.o
                0x00000000000009c4                vPortSetupTimerInterrupt
 .text.prvTaskExitError
                0x0000000000000a0c       0x34 ./freertos/freertos_kernel/portable/GCC/ARM_CM33_NTZ/non_secure/port.o
 .text.vPortYield
                0x0000000000000a40       0x24 ./freertos/freertos_kernel/portable/GCC/ARM_CM33_NTZ/non_secure/port.o
                0x0000000000000a40                vPortYield
 .text.vPortEnterCritical
                0x0000000000000a64       0x24 ./freertos/freertos_kernel/portable/GCC/ARM_CM33_NTZ/non_secure/port.o
                0x0000000000000a64                vPortEnterCritical
 .text.vPortExitCritical
                0x0000000000000a88       0x34 ./freertos/freertos_kernel/portable/GCC/ARM_CM33_NTZ/non_secure/port.o
                0x0000000000000a88                vPortExitCritical
 .text.SysTick_Handler
                0x0000000000000abc       0x30 ./freertos/freertos_kernel/portable/GCC/ARM_CM33_NTZ/non_secure/port.o
                0x0000000000000abc                SysTick_Handler
 .text.pxPortInitialiseStack
                0x0000000000000aec      0x114 ./freertos/freertos_kernel/portable/GCC/ARM_CM33_NTZ/non_secure/port.o
                0x0000000000000aec                pxPortInitialiseStack
 .text.xPortStartScheduler
                0x0000000000000c00       0x40 ./freertos/freertos_kernel/portable/GCC/ARM_CM33_NTZ/non_secure/port.o
                0x0000000000000c00                xPortStartScheduler
 .text.vQueueAddToRegistry
                0x0000000000000c40       0x54 ./freertos/freertos_kernel/queue.o
                0x0000000000000c40                vQueueAddToRegistry
 .text.prvAddNewTaskToReadyList
                0x0000000000000c94       0xd0 ./freertos/freertos_kernel/tasks.o
 .text.vTaskDelay
                0x0000000000000d64       0x48 ./freertos/freertos_kernel/tasks.o
                0x0000000000000d64                vTaskDelay
 .text.vTaskStartScheduler
                0x0000000000000dac       0x84 ./freertos/freertos_kernel/tasks.o
                0x0000000000000dac                vTaskStartScheduler
 .text.vTaskSuspendAll
                0x0000000000000e30       0x1c ./freertos/freertos_kernel/tasks.o
                0x0000000000000e30                vTaskSuspendAll
 .text.xTaskResumeAll
                0x0000000000000e4c      0x11c ./freertos/freertos_kernel/tasks.o
                0x0000000000000e4c                xTaskResumeAll
 .text.xTaskGetTickCount
                0x0000000000000f68       0x20 ./freertos/freertos_kernel/tasks.o
                0x0000000000000f68                xTaskGetTickCount
 .text.xTaskIncrementTick
                0x0000000000000f88      0x144 ./freertos/freertos_kernel/tasks.o
                0x0000000000000f88                xTaskIncrementTick
 .text.vTaskSwitchContext
                0x00000000000010cc       0xa8 ./freertos/freertos_kernel/tasks.o
                0x00000000000010cc                vTaskSwitchContext
 .text.vTaskPlaceOnEventList
                0x0000000000001174       0x38 ./freertos/freertos_kernel/tasks.o
                0x0000000000001174                vTaskPlaceOnEventList
 .text.vTaskPlaceOnEventListRestricted
                0x00000000000011ac       0x48 ./freertos/freertos_kernel/tasks.o
                0x00000000000011ac                vTaskPlaceOnEventListRestricted
 .text.xTaskRemoveFromEventList
                0x00000000000011f4       0xb8 ./freertos/freertos_kernel/tasks.o
                0x00000000000011f4                xTaskRemoveFromEventList
 .text.vTaskInternalSetTimeOutState
                0x00000000000012ac       0x2c ./freertos/freertos_kernel/tasks.o
                0x00000000000012ac                vTaskInternalSetTimeOutState
 .text.xTaskCheckForTimeOut
                0x00000000000012d8       0xac ./freertos/freertos_kernel/tasks.o
                0x00000000000012d8                xTaskCheckForTimeOut
 .text.vTaskMissedYield
                0x0000000000001384       0x18 ./freertos/freertos_kernel/tasks.o
                0x0000000000001384                vTaskMissedYield
 .text.prvIdleTask
                0x000000000000139c       0x20 ./freertos/freertos_kernel/tasks.o
 .text.prvInitialiseTaskLists
                0x00000000000013bc       0x80 ./freertos/freertos_kernel/tasks.o
 .text.prvCheckTasksWaitingTermination
                0x000000000000143c       0x5c ./freertos/freertos_kernel/tasks.o
 .text.prvResetNextTaskUnblockTime
                0x0000000000001498       0x38 ./freertos/freertos_kernel/tasks.o
 .text.xTaskGetSchedulerState
                0x00000000000014d0       0x3c ./freertos/freertos_kernel/tasks.o
                0x00000000000014d0                xTaskGetSchedulerState
 .text.xTaskPriorityDisinherit
                0x000000000000150c       0xbc ./freertos/freertos_kernel/tasks.o
                0x000000000000150c                xTaskPriorityDisinherit
 .text.prvAddCurrentTaskToDelayedList
                0x00000000000015c8       0xa8 ./freertos/freertos_kernel/tasks.o
 .text.xTimerCreateTimerTask
                0x0000000000001670       0x54 ./freertos/freertos_kernel/timers.o
                0x0000000000001670                xTimerCreateTimerTask
 .text.xTimerGenericCommand
                0x00000000000016c4       0x8c ./freertos/freertos_kernel/timers.o
                0x00000000000016c4                xTimerGenericCommand
 .text.prvProcessExpiredTimer
                0x0000000000001750       0x88 ./freertos/freertos_kernel/timers.o
 .text.prvProcessTimerOrBlockTask
                0x00000000000017d8       0x8c ./freertos/freertos_kernel/timers.o
 .text.prvGetNextExpireTime
                0x0000000000001864       0x48 ./freertos/freertos_kernel/timers.o
 .text.prvSampleTimeNow
                0x00000000000018ac       0x40 ./freertos/freertos_kernel/timers.o
 .text.prvInsertTimerInActiveList
                0x00000000000018ec       0x84 ./freertos/freertos_kernel/timers.o
 .text.prvProcessReceivedCommands
                0x0000000000001970      0x194 ./freertos/freertos_kernel/timers.o
 .text.prvSwitchTimerLists
                0x0000000000001b04       0xb8 ./freertos/freertos_kernel/timers.o
 .text.prvCheckForValidListAndQueue
                0x0000000000001bbc       0x6c ./freertos/freertos_kernel/timers.o
 .text.POWER_EnablePD
                0x0000000000001c28       0x20 ./drivers/fsl_clock.o
 .text.POWER_DisablePD
                0x0000000000001c48       0x20 ./drivers/fsl_clock.o
 .text.CLOCK_AttachClk
                0x0000000000001c68       0x98 ./drivers/fsl_clock.o
                0x0000000000001c68                CLOCK_AttachClk
 .text.CLOCK_SetClkDiv
                0x0000000000001d00       0x80 ./drivers/fsl_clock.o
                0x0000000000001d00                CLOCK_SetClkDiv
 .text.CLOCK_SetupFROClocking
                0x0000000000001d80       0x80 ./drivers/fsl_clock.o
                0x0000000000001d80                CLOCK_SetupFROClocking
 .text.CLOCK_SetFLASHAccessCyclesForFreq
                0x0000000000001e00      0x148 ./drivers/fsl_clock.o
                0x0000000000001e00                CLOCK_SetFLASHAccessCyclesForFreq
 .text.CLOCK_SetupExtClocking
                0x0000000000001f48       0x50 ./drivers/fsl_clock.o
                0x0000000000001f48                CLOCK_SetupExtClocking
 .text.CLOCK_GetFro1MFreq
                0x0000000000001f98       0x28 ./drivers/fsl_clock.o
                0x0000000000001f98                CLOCK_GetFro1MFreq
 .text.CLOCK_GetExtClkFreq
                0x0000000000001fc0       0x2c ./drivers/fsl_clock.o
                0x0000000000001fc0                CLOCK_GetExtClkFreq
 .text.CLOCK_GetOsc32KFreq
                0x0000000000001fec       0x58 ./drivers/fsl_clock.o
                0x0000000000001fec                CLOCK_GetOsc32KFreq
 .text.CLOCK_GetPLL0InClockRate
                0x0000000000002044       0x64 ./drivers/fsl_clock.o
                0x0000000000002044                CLOCK_GetPLL0InClockRate
 .text.CLOCK_SetPLL0Freq
                0x00000000000020a8      0x12c ./drivers/fsl_clock.o
                0x00000000000020a8                CLOCK_SetPLL0Freq
 .text.SDK_DelayAtLeastUs
                0x00000000000021d4       0x8c ./drivers/fsl_common_arm.o
                0x00000000000021d4                SDK_DelayAtLeastUs
 .text.FLEXCOMM_GetInstance
                0x0000000000002260       0x50 ./drivers/fsl_flexcomm.o
                0x0000000000002260                FLEXCOMM_GetInstance
 .text.FLEXCOMM_Init
                0x00000000000022b0       0x50 ./drivers/fsl_flexcomm.o
                0x00000000000022b0                FLEXCOMM_Init
 .text.FLEXCOMM0_DriverIRQHandler
                0x0000000000002300       0x5c ./drivers/fsl_flexcomm.o
                0x0000000000002300                FLEXCOMM0_DriverIRQHandler
 .text.FLEXCOMM1_DriverIRQHandler
                0x000000000000235c       0x5c ./drivers/fsl_flexcomm.o
                0x000000000000235c                FLEXCOMM1_DriverIRQHandler
 .text.FLEXCOMM2_DriverIRQHandler
                0x00000000000023b8       0x5c ./drivers/fsl_flexcomm.o
                0x00000000000023b8                FLEXCOMM2_DriverIRQHandler
 .text.FLEXCOMM3_DriverIRQHandler
                0x0000000000002414       0x5c ./drivers/fsl_flexcomm.o
                0x0000000000002414                FLEXCOMM3_DriverIRQHandler
 .text.FLEXCOMM4_DriverIRQHandler
                0x0000000000002470       0x5c ./drivers/fsl_flexcomm.o
                0x0000000000002470                FLEXCOMM4_DriverIRQHandler
 .text.FLEXCOMM5_DriverIRQHandler
                0x00000000000024cc       0x5c ./drivers/fsl_flexcomm.o
                0x00000000000024cc                FLEXCOMM5_DriverIRQHandler
 .text.FLEXCOMM6_DriverIRQHandler
                0x0000000000002528       0x5c ./drivers/fsl_flexcomm.o
                0x0000000000002528                FLEXCOMM6_DriverIRQHandler
 .text.FLEXCOMM7_DriverIRQHandler
                0x0000000000002584       0x5c ./drivers/fsl_flexcomm.o
                0x0000000000002584                FLEXCOMM7_DriverIRQHandler
 .text.FLEXCOMM8_DriverIRQHandler
                0x00000000000025e0       0x5c ./drivers/fsl_flexcomm.o
                0x00000000000025e0                FLEXCOMM8_DriverIRQHandler
 .text.GPIO_EnablePortClock
                0x000000000000263c       0x34 ./drivers/fsl_gpio.o
 .text.GPIO_PortInit
                0x0000000000002670       0x2c ./drivers/fsl_gpio.o
                0x0000000000002670                GPIO_PortInit
 .text.lowpower_set_system_voltage
                0x000000000000269c      0x154 ./drivers/fsl_power.o
 .text.lowpower_set_dcdc_power_profile
                0x00000000000027f0       0xec ./drivers/fsl_power.o
 .text.lowpower_get_part_process_corner
                0x00000000000028dc       0x94 ./drivers/fsl_power.o
 .text.POWER_SetVoltageForFreq
                0x0000000000002970       0x50 ./drivers/fsl_power.o
                0x0000000000002970                POWER_SetVoltageForFreq
 .text.RESET_SetPeripheralReset
                0x00000000000029c0       0x5c ./drivers/fsl_reset.o
                0x00000000000029c0                RESET_SetPeripheralReset
 .text.RESET_ClearPeripheralReset
                0x0000000000002a1c       0x60 ./drivers/fsl_reset.o
                0x0000000000002a1c                RESET_ClearPeripheralReset
 .text.SCT0_DriverIRQHandler
                0x0000000000002a7c       0x18 ./drivers/fsl_sctimer.o
                0x0000000000002a7c                SCT0_DriverIRQHandler
 .text.USART_Init
                0x0000000000002a94      0x1cc ./drivers/fsl_usart.o
                0x0000000000002a94                USART_Init
 .text.USART_GetDefaultConfig
                0x0000000000002c60       0x80 ./drivers/fsl_usart.o
                0x0000000000002c60                USART_GetDefaultConfig
 .text.USART_SetBaudRate
                0x0000000000002ce0      0x174 ./drivers/fsl_usart.o
                0x0000000000002ce0                USART_SetBaudRate
 .text.USART_WriteBlocking
                0x0000000000002e54       0x8c ./drivers/fsl_usart.o
                0x0000000000002e54                USART_WriteBlocking
 .text.SystemInit
                0x0000000000002ee0       0x64 ./device/system_LPC55S69_cm33_core0.o
                0x0000000000002ee0                SystemInit
 .text.HAL_UartInitCommon
                0x0000000000002f44      0x110 ./component/uart/fsl_adapter_usart.o
 .text.HAL_UartSendBlocking
                0x0000000000003054       0x64 ./component/uart/fsl_adapter_usart.o
                0x0000000000003054                HAL_UartSendBlocking
 .text.BOARD_InitDebugConsole
                0x00000000000030b8       0x38 ./board/board.o
                0x00000000000030b8                BOARD_InitDebugConsole
 .text.POWER_DisablePD
                0x00000000000030f0       0x20 ./board/clock_config.o
 .text.BOARD_BootClockPLL150M
                0x0000000000003110       0xe0 ./board/clock_config.o
                0x0000000000003110                BOARD_BootClockPLL150M
 .text.BOARD_InitPins
                0x00000000000031f0       0x8c ./board/pin_mux.o
                0x00000000000031f0                BOARD_InitPins
 .text.__assertion_failed
                0x000000000000327c       0x4c /usr/local/mcuxpressoide-11.5.0_7232/ide/plugins/com.nxp.mcuxpresso.tools.linux_11.5.0.202107051138/tools/bin/../lib/gcc/arm-none-eabi/10.3.1/../../../../arm-none-eabi/lib/thumb/v8-m.main+fp/hard/libcr_nohost_nf.a(_cr_assert.o)
                0x000000000000327c                __assertion_failed
 .text._Cwritebuf
                0x00000000000032c8       0x6c /usr/local/mcuxpressoide-11.5.0_7232/ide/plugins/com.nxp.mcuxpresso.tools.linux_11.5.0.202107051138/tools/bin/../lib/gcc/arm-none-eabi/10.3.1/../../../../arm-none-eabi/lib/thumb/v8-m.main+fp/hard/libcr_c.a(_writebuf.o)
                0x00000000000032c8                _Cwritebuf
 .text.malloc   0x0000000000003334       0xc8 /usr/local/mcuxpressoide-11.5.0_7232/ide/plugins/com.nxp.mcuxpresso.tools.linux_11.5.0.202107051138/tools/bin/../lib/gcc/arm-none-eabi/10.3.1/../../../../arm-none-eabi/lib/thumb/v8-m.main+fp/hard/libcr_c.a(alloc.o)
                0x0000000000003334                malloc
 .text._Csys_alloc
                0x00000000000033fc       0x20 /usr/local/mcuxpressoide-11.5.0_7232/ide/plugins/com.nxp.mcuxpresso.tools.linux_11.5.0.202107051138/tools/bin/../lib/gcc/arm-none-eabi/10.3.1/../../../../arm-none-eabi/lib/thumb/v8-m.main+fp/hard/libcr_c.a(alloc.o)
                0x00000000000033fc                _Csys_alloc
 .text.fseek    0x000000000000341c       0xfc /usr/local/mcuxpressoide-11.5.0_7232/ide/plugins/com.nxp.mcuxpresso.tools.linux_11.5.0.202107051138/tools/bin/../lib/gcc/arm-none-eabi/10.3.1/../../../../arm-none-eabi/lib/thumb/v8-m.main+fp/hard/libcr_c.a(fseek.o)
                0x000000000000341c                fseek
 .text.ftell    0x0000000000003518       0x44 /usr/local/mcuxpressoide-11.5.0_7232/ide/plugins/com.nxp.mcuxpresso.tools.linux_11.5.0.202107051138/tools/bin/../lib/gcc/arm-none-eabi/10.3.1/../../../../arm-none-eabi/lib/thumb/v8-m.main+fp/hard/libcr_c.a(ftell.o)
                0x0000000000003518                ftell
 .text._initio  0x000000000000355c       0x78 /usr/local/mcuxpressoide-11.5.0_7232/ide/plugins/com.nxp.mcuxpresso.tools.linux_11.5.0.202107051138/tools/bin/../lib/gcc/arm-none-eabi/10.3.1/../../../../arm-none-eabi/lib/thumb/v8-m.main+fp/hard/libcr_c.a(initio.o)
                0x000000000000355c                _initio
 .text._sbrk    0x00000000000035d4       0x3c /usr/local/mcuxpressoide-11.5.0_7232/ide/plugins/com.nxp.mcuxpresso.tools.linux_11.5.0.202107051138/tools/bin/../lib/gcc/arm-none-eabi/10.3.1/../../../../arm-none-eabi/lib/thumb/v8-m.main+fp/hard/libcr_c.a(_cr_sbrk.o)
                0x00000000000035d4                _sbrk
 .text.fflush   0x0000000000003610       0x3c /usr/local/mcuxpressoide-11.5.0_7232/ide/plugins/com.nxp.mcuxpresso.tools.linux_11.5.0.202107051138/tools/bin/../lib/gcc/arm-none-eabi/10.3.1/../../../../arm-none-eabi/lib/thumb/v8-m.main+fp/hard/libcr_c.a(fflush.o)
                0x0000000000003610                fflush
 .text.__check_heap_overflow
                0x000000000000364c       0x18 /usr/local/mcuxpressoide-11.5.0_7232/ide/plugins/com.nxp.mcuxpresso.tools.linux_11.5.0.202107051138/tools/bin/../lib/gcc/arm-none-eabi/10.3.1/../../../../arm-none-eabi/lib/thumb/v8-m.main+fp/hard/libcr_c.a(_cr_check_heap.o)
                0x000000000000364c                __check_heap_overflow
 .text.DbgConsole_PrintCallback
                0x0000000000003664       0x66 ./utilities/fsl_debug_console.o
 .text.DbgConsole_Printf
                0x00000000000036ca       0x2c ./utilities/fsl_debug_console.o
                0x00000000000036ca                DbgConsole_Printf
 .text.PrintGetWidth
                0x00000000000036f6       0x6a ./utilities/fsl_str.o
 .text.PrintGetPrecision
                0x0000000000003760       0x8c ./utilities/fsl_str.o
 .text.PrintIsobpu
                0x00000000000037ec       0x38 ./utilities/fsl_str.o
 .text.PrintIsdi
                0x0000000000003824       0x2c ./utilities/fsl_str.o
 .text.PrintOutputdifFobpu
                0x0000000000003850       0x44 ./utilities/fsl_str.o
 .text.PrintOutputxX
                0x0000000000003894       0x44 ./utilities/fsl_str.o
 .text.PrintIsfF
                0x00000000000038d8       0x2c ./utilities/fsl_str.o
 .text.PrintIsxX
                0x0000000000003904       0x2c ./utilities/fsl_str.o
 .text.PrintFilterLengthFlag
                0x0000000000003930       0x3e ./utilities/fsl_str.o
 .text.PrintGetRadixFromobpu
                0x000000000000396e       0x40 ./utilities/fsl_str.o
 .text.ConvertRadixNumToString
                0x00000000000039ae       0xc2 ./utilities/fsl_str.o
 .text.StrFormatPrintf
                0x0000000000003a70      0x2ac ./utilities/fsl_str.o
                0x0000000000003a70                StrFormatPrintf
 .text.WDT_BOD_IRQHandler
                0x0000000000003d1c        0x8 ./startup/startup_lpc55s69_cm33_core0.o
                0x0000000000003d1c                WDT_BOD_IRQHandler
 .text.DMA0_IRQHandler
                0x0000000000003d24        0x8 ./startup/startup_lpc55s69_cm33_core0.o
                0x0000000000003d24                DMA0_IRQHandler
 .text.GINT0_IRQHandler
                0x0000000000003d2c        0x8 ./startup/startup_lpc55s69_cm33_core0.o
                0x0000000000003d2c                GINT0_IRQHandler
 .text.GINT1_IRQHandler
                0x0000000000003d34        0x8 ./startup/startup_lpc55s69_cm33_core0.o
                0x0000000000003d34                GINT1_IRQHandler
 .text.PIN_INT0_IRQHandler
                0x0000000000003d3c        0x8 ./startup/startup_lpc55s69_cm33_core0.o
                0x0000000000003d3c                PIN_INT0_IRQHandler
 .text.PIN_INT1_IRQHandler
                0x0000000000003d44        0x8 ./startup/startup_lpc55s69_cm33_core0.o
                0x0000000000003d44                PIN_INT1_IRQHandler
 .text.PIN_INT2_IRQHandler
                0x0000000000003d4c        0x8 ./startup/startup_lpc55s69_cm33_core0.o
                0x0000000000003d4c                PIN_INT2_IRQHandler
 .text.PIN_INT3_IRQHandler
                0x0000000000003d54        0x8 ./startup/startup_lpc55s69_cm33_core0.o
                0x0000000000003d54                PIN_INT3_IRQHandler
 .text.UTICK0_IRQHandler
                0x0000000000003d5c        0x8 ./startup/startup_lpc55s69_cm33_core0.o
                0x0000000000003d5c                UTICK0_IRQHandler
 .text.MRT0_IRQHandler
                0x0000000000003d64        0x8 ./startup/startup_lpc55s69_cm33_core0.o
                0x0000000000003d64                MRT0_IRQHandler
 .text.CTIMER0_IRQHandler
                0x0000000000003d6c        0x8 ./startup/startup_lpc55s69_cm33_core0.o
                0x0000000000003d6c                CTIMER0_IRQHandler
 .text.CTIMER1_IRQHandler
                0x0000000000003d74        0x8 ./startup/startup_lpc55s69_cm33_core0.o
                0x0000000000003d74                CTIMER1_IRQHandler
 .text.SCT0_IRQHandler
                0x0000000000003d7c        0x8 ./startup/startup_lpc55s69_cm33_core0.o
                0x0000000000003d7c                SCT0_IRQHandler
 .text.CTIMER3_IRQHandler
                0x0000000000003d84        0x8 ./startup/startup_lpc55s69_cm33_core0.o
                0x0000000000003d84                CTIMER3_IRQHandler
 .text.FLEXCOMM0_IRQHandler
                0x0000000000003d8c        0x8 ./startup/startup_lpc55s69_cm33_core0.o
                0x0000000000003d8c                FLEXCOMM0_IRQHandler
 .text.FLEXCOMM1_IRQHandler
                0x0000000000003d94        0x8 ./startup/startup_lpc55s69_cm33_core0.o
                0x0000000000003d94                FLEXCOMM1_IRQHandler
 .text.FLEXCOMM2_IRQHandler
                0x0000000000003d9c        0x8 ./startup/startup_lpc55s69_cm33_core0.o
                0x0000000000003d9c                FLEXCOMM2_IRQHandler
 .text.FLEXCOMM3_IRQHandler
                0x0000000000003da4        0x8 ./startup/startup_lpc55s69_cm33_core0.o
                0x0000000000003da4                FLEXCOMM3_IRQHandler
 .text.FLEXCOMM4_IRQHandler
                0x0000000000003dac        0x8 ./startup/startup_lpc55s69_cm33_core0.o
                0x0000000000003dac                FLEXCOMM4_IRQHandler
 .text.FLEXCOMM5_IRQHandler
                0x0000000000003db4        0x8 ./startup/startup_lpc55s69_cm33_core0.o
                0x0000000000003db4                FLEXCOMM5_IRQHandler
 .text.FLEXCOMM6_IRQHandler
                0x0000000000003dbc        0x8 ./startup/startup_lpc55s69_cm33_core0.o
                0x0000000000003dbc                FLEXCOMM6_IRQHandler
 .text.FLEXCOMM7_IRQHandler
                0x0000000000003dc4        0x8 ./startup/startup_lpc55s69_cm33_core0.o
                0x0000000000003dc4                FLEXCOMM7_IRQHandler
 .text.ADC0_IRQHandler
                0x0000000000003dcc        0x8 ./startup/startup_lpc55s69_cm33_core0.o
                0x0000000000003dcc                ADC0_IRQHandler
 .text.Reserved39_IRQHandler
                0x0000000000003dd4        0x8 ./startup/startup_lpc55s69_cm33_core0.o
                0x0000000000003dd4                Reserved39_IRQHandler
 .text.ACMP_IRQHandler
                0x0000000000003ddc        0x8 ./startup/startup_lpc55s69_cm33_core0.o
                0x0000000000003ddc                ACMP_IRQHandler
 .text.Reserved41_IRQHandler
                0x0000000000003de4        0x8 ./startup/startup_lpc55s69_cm33_core0.o
                0x0000000000003de4                Reserved41_IRQHandler
 .text.Reserved42_IRQHandler
                0x0000000000003dec        0x8 ./startup/startup_lpc55s69_cm33_core0.o
                0x0000000000003dec                Reserved42_IRQHandler
 .text.USB0_NEEDCLK_IRQHandler
                0x0000000000003df4        0x8 ./startup/startup_lpc55s69_cm33_core0.o
                0x0000000000003df4                USB0_NEEDCLK_IRQHandler
 .text.USB0_IRQHandler
                0x0000000000003dfc        0x8 ./startup/startup_lpc55s69_cm33_core0.o
                0x0000000000003dfc                USB0_IRQHandler
 .text.RTC_IRQHandler
                0x0000000000003e04        0x8 ./startup/startup_lpc55s69_cm33_core0.o
                0x0000000000003e04                RTC_IRQHandler
 .text.Reserved46_IRQHandler
                0x0000000000003e0c        0x8 ./startup/startup_lpc55s69_cm33_core0.o
                0x0000000000003e0c                Reserved46_IRQHandler
 .text.MAILBOX_IRQHandler
                0x0000000000003e14        0x8 ./startup/startup_lpc55s69_cm33_core0.o
                0x0000000000003e14                MAILBOX_IRQHandler
 .text.PIN_INT4_IRQHandler
                0x0000000000003e1c        0x8 ./startup/startup_lpc55s69_cm33_core0.o
                0x0000000000003e1c                PIN_INT4_IRQHandler
 .text.PIN_INT5_IRQHandler
                0x0000000000003e24        0x8 ./startup/startup_lpc55s69_cm33_core0.o
                0x0000000000003e24                PIN_INT5_IRQHandler
 .text.PIN_INT6_IRQHandler
                0x0000000000003e2c        0x8 ./startup/startup_lpc55s69_cm33_core0.o
                0x0000000000003e2c                PIN_INT6_IRQHandler
 .text.PIN_INT7_IRQHandler
                0x0000000000003e34        0x8 ./startup/startup_lpc55s69_cm33_core0.o
                0x0000000000003e34                PIN_INT7_IRQHandler
 .text.CTIMER2_IRQHandler
                0x0000000000003e3c        0x8 ./startup/startup_lpc55s69_cm33_core0.o
                0x0000000000003e3c                CTIMER2_IRQHandler
 .text.CTIMER4_IRQHandler
                0x0000000000003e44        0x8 ./startup/startup_lpc55s69_cm33_core0.o
                0x0000000000003e44                CTIMER4_IRQHandler
 .text.OS_EVENT_IRQHandler
                0x0000000000003e4c        0x8 ./startup/startup_lpc55s69_cm33_core0.o
                0x0000000000003e4c                OS_EVENT_IRQHandler
 .text.Reserved55_IRQHandler
                0x0000000000003e54        0x8 ./startup/startup_lpc55s69_cm33_core0.o
                0x0000000000003e54                Reserved55_IRQHandler
 .text.Reserved56_IRQHandler
                0x0000000000003e5c        0x8 ./startup/startup_lpc55s69_cm33_core0.o
                0x0000000000003e5c                Reserved56_IRQHandler
 .text.Reserved57_IRQHandler
                0x0000000000003e64        0x8 ./startup/startup_lpc55s69_cm33_core0.o
                0x0000000000003e64                Reserved57_IRQHandler
 .text.SDIO_IRQHandler
                0x0000000000003e6c        0x8 ./startup/startup_lpc55s69_cm33_core0.o
                0x0000000000003e6c                SDIO_IRQHandler
 .text.Reserved59_IRQHandler
                0x0000000000003e74        0x8 ./startup/startup_lpc55s69_cm33_core0.o
                0x0000000000003e74                Reserved59_IRQHandler
 .text.Reserved60_IRQHandler
                0x0000000000003e7c        0x8 ./startup/startup_lpc55s69_cm33_core0.o
                0x0000000000003e7c                Reserved60_IRQHandler
 .text.Reserved61_IRQHandler
                0x0000000000003e84        0x8 ./startup/startup_lpc55s69_cm33_core0.o
                0x0000000000003e84                Reserved61_IRQHandler
 .text.USB1_PHY_IRQHandler
                0x0000000000003e8c        0x8 ./startup/startup_lpc55s69_cm33_core0.o
                0x0000000000003e8c                USB1_PHY_IRQHandler
 .text.USB1_IRQHandler
                0x0000000000003e94        0x8 ./startup/startup_lpc55s69_cm33_core0.o
                0x0000000000003e94                USB1_IRQHandler
 .text.USB1_NEEDCLK_IRQHandler
                0x0000000000003e9c        0x8 ./startup/startup_lpc55s69_cm33_core0.o
                0x0000000000003e9c                USB1_NEEDCLK_IRQHandler
 .text.SEC_HYPERVISOR_CALL_IRQHandler
                0x0000000000003ea4        0x8 ./startup/startup_lpc55s69_cm33_core0.o
                0x0000000000003ea4                SEC_HYPERVISOR_CALL_IRQHandler
 .text.SEC_GPIO_INT0_IRQ0_IRQHandler
                0x0000000000003eac        0x8 ./startup/startup_lpc55s69_cm33_core0.o
                0x0000000000003eac                SEC_GPIO_INT0_IRQ0_IRQHandler
 .text.SEC_GPIO_INT0_IRQ1_IRQHandler
                0x0000000000003eb4        0x8 ./startup/startup_lpc55s69_cm33_core0.o
                0x0000000000003eb4                SEC_GPIO_INT0_IRQ1_IRQHandler
 .text.PLU_IRQHandler
                0x0000000000003ebc        0x8 ./startup/startup_lpc55s69_cm33_core0.o
                0x0000000000003ebc                PLU_IRQHandler
 .text.SEC_VIO_IRQHandler
                0x0000000000003ec4        0x8 ./startup/startup_lpc55s69_cm33_core0.o
                0x0000000000003ec4                SEC_VIO_IRQHandler
 .text.HASHCRYPT_IRQHandler
                0x0000000000003ecc        0x8 ./startup/startup_lpc55s69_cm33_core0.o
                0x0000000000003ecc                HASHCRYPT_IRQHandler
 .text.CASER_IRQHandler
                0x0000000000003ed4        0x8 ./startup/startup_lpc55s69_cm33_core0.o
                0x0000000000003ed4                CASER_IRQHandler
 .text.PUF_IRQHandler
                0x0000000000003edc        0x8 ./startup/startup_lpc55s69_cm33_core0.o
                0x0000000000003edc                PUF_IRQHandler
 .text.PQ_IRQHandler
                0x0000000000003ee4        0x8 ./startup/startup_lpc55s69_cm33_core0.o
                0x0000000000003ee4                PQ_IRQHandler
 .text.DMA1_IRQHandler
                0x0000000000003eec        0x8 ./startup/startup_lpc55s69_cm33_core0.o
                0x0000000000003eec                DMA1_IRQHandler
 .text.FLEXCOMM8_IRQHandler
                0x0000000000003ef4        0x8 ./startup/startup_lpc55s69_cm33_core0.o
                0x0000000000003ef4                FLEXCOMM8_IRQHandler
 .text.GPIO_PortSet
                0x0000000000003efc       0x26 ./source/LPC55S69_M3C.o
 .text.GPIO_PortClear
                0x0000000000003f22       0x26 ./source/LPC55S69_M3C.o
 .text.HardFault_Handler
                0x0000000000003f48       0x2c ./source/semihost_hardfault.o
                0x0000000000003f48                HardFault_Handler
 .text.vPortSVCHandler_C
                0x0000000000003f74       0x30 ./freertos/freertos_kernel/portable/GCC/ARM_CM33_NTZ/non_secure/port.o
                0x0000000000003f74                vPortSVCHandler_C
 .text.ulSetInterruptMask
                0x0000000000003fa4       0x1a ./freertos/freertos_kernel/portable/GCC/ARM_CM33_NTZ/non_secure/portasm.o
                0x0000000000003fa4                ulSetInterruptMask
 .text.vClearInterruptMask
                0x0000000000003fbe       0x10 ./freertos/freertos_kernel/portable/GCC/ARM_CM33_NTZ/non_secure/portasm.o
                0x0000000000003fbe                vClearInterruptMask
 .text.vListInitialise
                0x0000000000003fce       0x40 ./freertos/freertos_kernel/list.o
                0x0000000000003fce                vListInitialise
 .text.vListInitialiseItem
                0x000000000000400e       0x1a ./freertos/freertos_kernel/list.o
                0x000000000000400e                vListInitialiseItem
 .text.vListInsertEnd
                0x0000000000004028       0x48 ./freertos/freertos_kernel/list.o
                0x0000000000004028                vListInsertEnd
 .text.vListInsert
                0x0000000000004070       0x72 ./freertos/freertos_kernel/list.o
                0x0000000000004070                vListInsert
 .text.uxListRemove
                0x00000000000040e2       0x54 ./freertos/freertos_kernel/list.o
                0x00000000000040e2                uxListRemove
 .text.xQueueGenericReset
                0x0000000000004136       0xb0 ./freertos/freertos_kernel/queue.o
                0x0000000000004136                xQueueGenericReset
 .text.xQueueGenericCreate
                0x00000000000041e6       0x8e ./freertos/freertos_kernel/queue.o
                0x00000000000041e6                xQueueGenericCreate
 .text.prvInitialiseNewQueue
                0x0000000000004274       0x46 ./freertos/freertos_kernel/queue.o
 .text.xQueueGenericSend
                0x00000000000042ba      0x192 ./freertos/freertos_kernel/queue.o
                0x00000000000042ba                xQueueGenericSend
 .text.xQueueGenericSendFromISR
                0x000000000000444c       0xf0 ./freertos/freertos_kernel/queue.o
                0x000000000000444c                xQueueGenericSendFromISR
 .text.xQueueReceive
                0x000000000000453c      0x172 ./freertos/freertos_kernel/queue.o
                0x000000000000453c                xQueueReceive
 .text.prvCopyDataToQueue
                0x00000000000046ae       0xd4 ./freertos/freertos_kernel/queue.o
 .text.prvCopyDataFromQueue
                0x0000000000004782       0x4c ./freertos/freertos_kernel/queue.o
 .text.prvUnlockQueue
                0x00000000000047ce       0xa4 ./freertos/freertos_kernel/queue.o
 .text.prvIsQueueEmpty
                0x0000000000004872       0x2c ./freertos/freertos_kernel/queue.o
 .text.prvIsQueueFull
                0x000000000000489e       0x30 ./freertos/freertos_kernel/queue.o
 .text.vQueueWaitForMessageRestricted
                0x00000000000048ce       0x68 ./freertos/freertos_kernel/queue.o
                0x00000000000048ce                vQueueWaitForMessageRestricted
 .text.xTaskCreate
                0x0000000000004936       0x82 ./freertos/freertos_kernel/tasks.o
                0x0000000000004936                xTaskCreate
 .text.prvInitialiseNewTask
                0x00000000000049b8      0x12e ./freertos/freertos_kernel/tasks.o
 .text.prvDeleteTCB
                0x0000000000004ae6       0x20 ./freertos/freertos_kernel/tasks.o
 .text.prvTimerTask
                0x0000000000004b06       0x24 ./freertos/freertos_kernel/timers.o
 .text.CLOCK_IsPLL0Locked
                0x0000000000004b2a       0x24 ./drivers/fsl_clock.o
 .text.findPll0PreDiv
                0x0000000000004b4e       0x3e ./drivers/fsl_clock.o
 .text.DelayLoop
                0x0000000000004b8c       0x20 ./drivers/fsl_common_arm.o
 .text.CLOCK_EnableClock
                0x0000000000004bac       0x30 ./drivers/fsl_flexcomm.o
 .text.FLEXCOMM_PeripheralIsPresent
                0x0000000000004bdc       0x64 ./drivers/fsl_flexcomm.o
 .text.FLEXCOMM_SetPeriph
                0x0000000000004c40       0x74 ./drivers/fsl_flexcomm.o
 .text.CLOCK_EnableClock
                0x0000000000004cb4       0x30 ./drivers/fsl_gpio.o
 .text.GPIO_PinInit
                0x0000000000004ce4       0xa4 ./drivers/fsl_gpio.o
                0x0000000000004ce4                GPIO_PinInit
 .text.lowpower_set_voltage_for_process
                0x0000000000004d88       0xaa ./drivers/fsl_power.o
 .text.RESET_PeripheralReset
                0x0000000000004e32       0x1c ./drivers/fsl_reset.o
                0x0000000000004e32                RESET_PeripheralReset
 .text.USART_EnableContinuousSCLK
                0x0000000000004e4e       0x38 ./drivers/fsl_usart.o
 .text.SystemInitHook
                0x0000000000004e86        0xe ./device/system_LPC55S69_cm33_core0.o
                0x0000000000004e86                SystemInitHook
 .text.HAL_UartGetStatus
                0x0000000000004e94       0x22 ./component/uart/fsl_adapter_usart.o
 .text.HAL_UartInit
                0x0000000000004eb6       0x36 ./component/uart/fsl_adapter_usart.o
                0x0000000000004eb6                HAL_UartInit
 .text.DisableGlobalIRQ
                0x0000000000004eec       0x22 ./component/serial_manager/fsl_component_serial_manager.o
 .text.EnableGlobalIRQ
                0x0000000000004f0e       0x20 ./component/serial_manager/fsl_component_serial_manager.o
 .text.SerialManager_StartWriting
                0x0000000000004f2e       0x38 ./component/serial_manager/fsl_component_serial_manager.o
 .text.SerialManager_Write
                0x0000000000004f66       0x44 ./component/serial_manager/fsl_component_serial_manager.o
 .text.SerialManager_Init
                0x0000000000004faa       0x60 ./component/serial_manager/fsl_component_serial_manager.o
                0x0000000000004faa                SerialManager_Init
 .text.SerialManager_OpenWriteHandle
                0x000000000000500a       0x50 ./component/serial_manager/fsl_component_serial_manager.o
                0x000000000000500a                SerialManager_OpenWriteHandle
 .text.SerialManager_OpenReadHandle
                0x000000000000505a       0x60 ./component/serial_manager/fsl_component_serial_manager.o
                0x000000000000505a                SerialManager_OpenReadHandle
 .text.SerialManager_WriteBlocking
                0x00000000000050ba       0x20 ./component/serial_manager/fsl_component_serial_manager.o
                0x00000000000050ba                SerialManager_WriteBlocking
 .text.Serial_UartInit
                0x00000000000050da       0x3e ./component/serial_manager/fsl_component_serial_port_uart.o
                0x00000000000050da                Serial_UartInit
 .text.Serial_UartWrite
                0x0000000000005118       0x38 ./component/serial_manager/fsl_component_serial_port_uart.o
                0x0000000000005118                Serial_UartWrite
 .text.BOARD_InitBootClocks
                0x0000000000005150        0xc ./board/clock_config.o
                0x0000000000005150                BOARD_InitBootClocks
 .text.BOARD_InitBootPeripherals
                0x000000000000515c        0xe ./board/peripherals.o
                0x000000000000515c                BOARD_InitBootPeripherals
 .text.CLOCK_EnableClock
                0x000000000000516a       0x30 ./board/pin_mux.o
 .text.IOCON_PinMuxSet
                0x000000000000519a       0x2e ./board/pin_mux.o
 .text.BOARD_InitBootPins
                0x00000000000051c8        0xc ./board/pin_mux.o
                0x00000000000051c8                BOARD_InitBootPins
 .text.__main   0x00000000000051d4        0xe /usr/local/mcuxpressoide-11.5.0_7232/ide/plugins/com.nxp.mcuxpresso.tools.linux_11.5.0.202107051138/tools/bin/../lib/gcc/arm-none-eabi/10.3.1/../../../../arm-none-eabi/lib/thumb/v8-m.main+fp/hard/libcr_nohost_nf.a(_cr__main.o)
                0x00000000000051d4                __main
 .text.__sys_appexit
                0x00000000000051e2        0x2 /usr/local/mcuxpressoide-11.5.0_7232/ide/plugins/com.nxp.mcuxpresso.tools.linux_11.5.0.202107051138/tools/bin/../lib/gcc/arm-none-eabi/10.3.1/../../../../arm-none-eabi/lib/thumb/v8-m.main+fp/hard/libcr_nohost_nf.a(__sys_appexit.o)
                0x00000000000051e2                __exit
                0x00000000000051e2                __sys_appexit
 .text.memcpy   0x00000000000051e4        0x4 /usr/local/mcuxpressoide-11.5.0_7232/ide/plugins/com.nxp.mcuxpresso.tools.linux_11.5.0.202107051138/tools/bin/../lib/gcc/arm-none-eabi/10.3.1/../../../../arm-none-eabi/lib/thumb/v8-m.main+fp/hard/libcr_c.a(memcpy.o)
                0x00000000000051e4                memcpy
 .text.memset   0x00000000000051e8        0x4 /usr/local/mcuxpressoide-11.5.0_7232/ide/plugins/com.nxp.mcuxpresso.tools.linux_11.5.0.202107051138/tools/bin/../lib/gcc/arm-none-eabi/10.3.1/../../../../arm-none-eabi/lib/thumb/v8-m.main+fp/hard/libcr_c.a(memset.o)
                0x00000000000051e8                memset
 .text._deferredlazyseek
                0x00000000000051ec       0x40 /usr/local/mcuxpressoide-11.5.0_7232/ide/plugins/com.nxp.mcuxpresso.tools.linux_11.5.0.202107051138/tools/bin/../lib/gcc/arm-none-eabi/10.3.1/../../../../arm-none-eabi/lib/thumb/v8-m.main+fp/hard/libcr_c.a(_deferredlazyseek.o)
                0x00000000000051ec                _deferredlazyseek
 .text.__flsbuf
                0x000000000000522c      0x140 /usr/local/mcuxpressoide-11.5.0_7232/ide/plugins/com.nxp.mcuxpresso.tools.linux_11.5.0.202107051138/tools/bin/../lib/gcc/arm-none-eabi/10.3.1/../../../../arm-none-eabi/lib/thumb/v8-m.main+fp/hard/libcr_c.a(_deferredlazyseek.o)
                0x000000000000522c                __flsbuf
 .text._fflush  0x000000000000536c       0x52 /usr/local/mcuxpressoide-11.5.0_7232/ide/plugins/com.nxp.mcuxpresso.tools.linux_11.5.0.202107051138/tools/bin/../lib/gcc/arm-none-eabi/10.3.1/../../../../arm-none-eabi/lib/thumb/v8-m.main+fp/hard/libcr_c.a(_fflush.o)
                0x000000000000536c                _fflush
 .text.free     0x00000000000053be       0x30 /usr/local/mcuxpressoide-11.5.0_7232/ide/plugins/com.nxp.mcuxpresso.tools.linux_11.5.0.202107051138/tools/bin/../lib/gcc/arm-none-eabi/10.3.1/../../../../arm-none-eabi/lib/thumb/v8-m.main+fp/hard/libcr_c.a(alloc.o)
                0x00000000000053be                free
 .text.fputs    0x00000000000053ee       0x2c /usr/local/mcuxpressoide-11.5.0_7232/ide/plugins/com.nxp.mcuxpresso.tools.linux_11.5.0.202107051138/tools/bin/../lib/gcc/arm-none-eabi/10.3.1/../../../../arm-none-eabi/lib/thumb/v8-m.main+fp/hard/libcr_c.a(fputs.o)
                0x00000000000053ee                fputs
 .text.setvbuf  0x000000000000541a       0x3e /usr/local/mcuxpressoide-11.5.0_7232/ide/plugins/com.nxp.mcuxpresso.tools.linux_11.5.0.202107051138/tools/bin/../lib/gcc/arm-none-eabi/10.3.1/../../../../arm-none-eabi/lib/thumb/v8-m.main+fp/hard/libcr_c.a(setvbuf.o)
                0x000000000000541a                setvbuf
 .text.strlen   0x0000000000005458       0x48 /usr/local/mcuxpressoide-11.5.0_7232/ide/plugins/com.nxp.mcuxpresso.tools.linux_11.5.0.202107051138/tools/bin/../lib/gcc/arm-none-eabi/10.3.1/../../../../arm-none-eabi/lib/thumb/v8-m.main+fp/hard/libcr_c.a(strlen.o)
                0x0000000000005458                strlen
 .text._fdopen  0x00000000000054a0       0x68 /usr/local/mcuxpressoide-11.5.0_7232/ide/plugins/com.nxp.mcuxpresso.tools.linux_11.5.0.202107051138/tools/bin/../lib/gcc/arm-none-eabi/10.3.1/../../../../arm-none-eabi/lib/thumb/v8-m.main+fp/hard/libcr_c.a(_fdopen.o)
                0x00000000000054a0                _fdopen
 .text.fclose   0x0000000000005508       0x58 /usr/local/mcuxpressoide-11.5.0_7232/ide/plugins/com.nxp.mcuxpresso.tools.linux_11.5.0.202107051138/tools/bin/../lib/gcc/arm-none-eabi/10.3.1/../../../../arm-none-eabi/lib/thumb/v8-m.main+fp/hard/libcr_c.a(fclose.o)
                0x0000000000005508                fclose
 .text.remove   0x0000000000005560       0x14 /usr/local/mcuxpressoide-11.5.0_7232/ide/plugins/com.nxp.mcuxpresso.tools.linux_11.5.0.202107051138/tools/bin/../lib/gcc/arm-none-eabi/10.3.1/../../../../arm-none-eabi/lib/thumb/v8-m.main+fp/hard/libcr_c.a(remove.o)
                0x0000000000005560                remove
 .text._do_fflush
                0x0000000000005574       0x40 /usr/local/mcuxpressoide-11.5.0_7232/ide/plugins/com.nxp.mcuxpresso.tools.linux_11.5.0.202107051138/tools/bin/../lib/gcc/arm-none-eabi/10.3.1/../../../../arm-none-eabi/lib/thumb/v8-m.main+fp/hard/libcr_c.a(_do_fflush.o)
                0x0000000000005574                _do_fflush
 .text.__aeabi_division_uldivmod
                0x00000000000055b4      0x174 /usr/local/mcuxpressoide-11.5.0_7232/ide/plugins/com.nxp.mcuxpresso.tools.linux_11.5.0.202107051138/tools/bin/../lib/gcc/arm-none-eabi/10.3.1/thumb/v8-m.main+fp/hard/libcr_eabihelpers.a(division_64.o)
                0x00000000000055b4                __aeabi_uldivmod
                0x00000000000055b8                __bhs_ldivmod1
 .text.__aeabi_division_idiv0
                0x0000000000005728        0x2 /usr/local/mcuxpressoide-11.5.0_7232/ide/plugins/com.nxp.mcuxpresso.tools.linux_11.5.0.202107051138/tools/bin/../lib/gcc/arm-none-eabi/10.3.1/thumb/v8-m.main+fp/hard/libcr_eabihelpers.a(division_idiv0.o)
                0x0000000000005728                __aeabi_idiv0
 .text.__aeabi_memcpy
                0x000000000000572a       0x34 /usr/local/mcuxpressoide-11.5.0_7232/ide/plugins/com.nxp.mcuxpresso.tools.linux_11.5.0.202107051138/tools/bin/../lib/gcc/arm-none-eabi/10.3.1/thumb/v8-m.main+fp/hard/libcr_eabihelpers.a(memcpy.o)
                0x000000000000572a                __aeabi_memcpy
                0x0000000000005734                __aeabi_memcpy4
                0x0000000000005734                __aeabi_memcpy8
 .text.__aeabi_memset_lowlevel
                0x000000000000575e       0x32 /usr/local/mcuxpressoide-11.5.0_7232/ide/plugins/com.nxp.mcuxpresso.tools.linux_11.5.0.202107051138/tools/bin/../lib/gcc/arm-none-eabi/10.3.1/thumb/v8-m.main+fp/hard/libcr_eabihelpers.a(memcpy.o)
                0x000000000000575e                __aeabi_lowlevel_memset
 .text.__sys_close
                0x0000000000005790        0x6 /usr/local/mcuxpressoide-11.5.0_7232/ide/plugins/com.nxp.mcuxpresso.tools.linux_11.5.0.202107051138/tools/bin/../lib/gcc/arm-none-eabi/10.3.1/../../../../arm-none-eabi/lib/thumb/v8-m.main+fp/hard/libcr_nohost_nf.a(__sys_close.o)
                0x0000000000005790                __sys_close
 .text.__sys_flen
                0x0000000000005796        0x6 /usr/local/mcuxpressoide-11.5.0_7232/ide/plugins/com.nxp.mcuxpresso.tools.linux_11.5.0.202107051138/tools/bin/../lib/gcc/arm-none-eabi/10.3.1/../../../../arm-none-eabi/lib/thumb/v8-m.main+fp/hard/libcr_nohost_nf.a(__sys_flen.o)
                0x0000000000005796                __sys_flen
 .text.__sys_istty
                0x000000000000579c        0x6 /usr/local/mcuxpressoide-11.5.0_7232/ide/plugins/com.nxp.mcuxpresso.tools.linux_11.5.0.202107051138/tools/bin/../lib/gcc/arm-none-eabi/10.3.1/../../../../arm-none-eabi/lib/thumb/v8-m.main+fp/hard/libcr_nohost_nf.a(__sys_istty.o)
                0x000000000000579c                __sys_istty
 .text.__sys_remove
                0x00000000000057a2        0x6 /usr/local/mcuxpressoide-11.5.0_7232/ide/plugins/com.nxp.mcuxpresso.tools.linux_11.5.0.202107051138/tools/bin/../lib/gcc/arm-none-eabi/10.3.1/../../../../arm-none-eabi/lib/thumb/v8-m.main+fp/hard/libcr_nohost_nf.a(__sys_remove.o)
                0x00000000000057a2                __sys_remove
 .text.__sys_seek
                0x00000000000057a8        0x6 /usr/local/mcuxpressoide-11.5.0_7232/ide/plugins/com.nxp.mcuxpresso.tools.linux_11.5.0.202107051138/tools/bin/../lib/gcc/arm-none-eabi/10.3.1/../../../../arm-none-eabi/lib/thumb/v8-m.main+fp/hard/libcr_nohost_nf.a(__sys_seek.o)
                0x00000000000057a8                __sys_seek
 .text.__sys_tmpnam
                0x00000000000057ae        0x6 /usr/local/mcuxpressoide-11.5.0_7232/ide/plugins/com.nxp.mcuxpresso.tools.linux_11.5.0.202107051138/tools/bin/../lib/gcc/arm-none-eabi/10.3.1/../../../../arm-none-eabi/lib/thumb/v8-m.main+fp/hard/libcr_nohost_nf.a(__sys_tmpnam.o)
                0x00000000000057ae                __sys_tmpnam
 .text.__sys_write
                0x00000000000057b4        0x4 /usr/local/mcuxpressoide-11.5.0_7232/ide/plugins/com.nxp.mcuxpresso.tools.linux_11.5.0.202107051138/tools/bin/../lib/gcc/arm-none-eabi/10.3.1/../../../../arm-none-eabi/lib/thumb/v8-m.main+fp/hard/libcr_nohost_nf.a(__sys_write.o)
                0x00000000000057b4                __sys_write
 *freertos*/tasks.o(SORT_BY_ALIGNMENT(.rodata*))
 .rodata.vTaskStartScheduler.str1.4
                0x00000000000057b8        0x5 ./freertos/freertos_kernel/tasks.o
 *(SORT_BY_ALIGNMENT(.rodata) SORT_BY_ALIGNMENT(.rodata.*) SORT_BY_ALIGNMENT(.constdata) SORT_BY_ALIGNMENT(.constdata.*))
 *fill*         0x00000000000057bd        0x3 ff
 .rodata.main.str1.4
                0x00000000000057c0       0x4d ./source/LPC55S69_M3C.o
 *fill*         0x000000000000580d        0x3 ff
 .rodata.hello_task.str1.4
                0x0000000000005810       0x41 ./source/LPC55S69_M3C.o
 *fill*         0x0000000000005851        0x3 ff
 .rodata.xTimerCreateTimerTask.str1.4
                0x0000000000005854        0x8 ./freertos/freertos_kernel/timers.o
 .rodata.prvCheckForValidListAndQueue.str1.4
                0x000000000000585c        0x5 ./freertos/freertos_kernel/timers.o
 *fill*         0x0000000000005861        0x3 ff
 .rodata.SDK_DelayAtLeastUs.str1.4
                0x0000000000005864       0x2b ./drivers/fsl_common_arm.o
 *fill*         0x000000000000588f        0x1 ff
 .rodata.s_flexcommBaseAddrs
                0x0000000000005890       0x24 ./drivers/fsl_flexcomm.o
 .rodata.s_flexcommClocks
                0x00000000000058b4       0x12 ./drivers/fsl_flexcomm.o
 *fill*         0x00000000000058c6        0x2 ff
 .rodata.s_flexcommResets
                0x00000000000058c8       0x24 ./drivers/fsl_flexcomm.o
 .rodata.FLEXCOMM_GetInstance.str1.4
                0x00000000000058ec       0x42 ./drivers/fsl_flexcomm.o
 *fill*         0x000000000000592e        0x2 ff
 .rodata.FLEXCOMM0_DriverIRQHandler.str1.4
                0x0000000000005930       0x3c ./drivers/fsl_flexcomm.o
 .rodata.FLEXCOMM1_DriverIRQHandler.str1.4
                0x000000000000596c       0x3c ./drivers/fsl_flexcomm.o
 .rodata.FLEXCOMM2_DriverIRQHandler.str1.4
                0x00000000000059a8       0x3c ./drivers/fsl_flexcomm.o
 .rodata.FLEXCOMM3_DriverIRQHandler.str1.4
                0x00000000000059e4       0x3c ./drivers/fsl_flexcomm.o
 .rodata.FLEXCOMM4_DriverIRQHandler.str1.4
                0x0000000000005a20       0x3c ./drivers/fsl_flexcomm.o
 .rodata.FLEXCOMM5_DriverIRQHandler.str1.4
                0x0000000000005a5c       0x3c ./drivers/fsl_flexcomm.o
 .rodata.FLEXCOMM6_DriverIRQHandler.str1.4
                0x0000000000005a98       0x3c ./drivers/fsl_flexcomm.o
 .rodata.FLEXCOMM7_DriverIRQHandler.str1.4
                0x0000000000005ad4       0x3c ./drivers/fsl_flexcomm.o
 .rodata.FLEXCOMM8_DriverIRQHandler.str1.4
                0x0000000000005b10       0x3c ./drivers/fsl_flexcomm.o
 .rodata.s_gpioClockName
                0x0000000000005b4c        0x8 ./drivers/fsl_gpio.o
 .rodata.s_gpioResets
                0x0000000000005b54       0x18 ./drivers/fsl_gpio.o
 .rodata.GPIO_EnablePortClock.str1.4
                0x0000000000005b6c       0x33 ./drivers/fsl_gpio.o
 *fill*         0x0000000000005b9f        0x1 ff
 .rodata.RESET_SetPeripheralReset.str1.4
                0x0000000000005ba0       0x1e ./drivers/fsl_reset.o
 *fill*         0x0000000000005bbe        0x2 ff
 .rodata.RESET_ClearPeripheralReset.str1.4
                0x0000000000005bc0       0x1e ./drivers/fsl_reset.o
 *fill*         0x0000000000005bde        0x2 ff
 .rodata.USART_Init.str1.4
                0x0000000000005be0       0x4f ./drivers/fsl_usart.o
 *fill*         0x0000000000005c2f        0x1 ff
 .rodata.USART_GetDefaultConfig.str1.4
                0x0000000000005c30       0x21 ./drivers/fsl_usart.o
 *fill*         0x0000000000005c51        0x3 ff
 .rodata.USART_SetBaudRate.str1.4
                0x0000000000005c54       0x53 ./drivers/fsl_usart.o
 *fill*         0x0000000000005ca7        0x1 ff
 .rodata.USART_WriteBlocking.str1.4
                0x0000000000005ca8       0x36 ./drivers/fsl_usart.o
 *fill*         0x0000000000005cde        0x2 ff
 .rodata.s_UsartAdapterBase
                0x0000000000005ce0       0x20 ./component/uart/fsl_adapter_usart.o
 .rodata.HAL_UartInitCommon.str1.4
                0x0000000000005d00       0xeb ./component/uart/fsl_adapter_usart.o
 *fill*         0x0000000000005deb        0x1 ff
 .rodata.HAL_UartSendBlocking.str1.4
                0x0000000000005dec       0x65 ./component/uart/fsl_adapter_usart.o
 *fill*         0x0000000000005e51        0x3 ff
 .rodata        0x0000000000005e54        0x2 ./board/pin_mux.o
 *fill*         0x0000000000005e56        0x2 ff
 .rodata.__num_Ciob_streams
                0x0000000000005e58        0x4 /usr/local/mcuxpressoide-11.5.0_7232/ide/plugins/com.nxp.mcuxpresso.tools.linux_11.5.0.202107051138/tools/bin/../lib/gcc/arm-none-eabi/10.3.1/../../../../arm-none-eabi/lib/thumb/v8-m.main+fp/hard/libcr_nohost_nf.a(__ciob.o)
                0x0000000000005e58                __num_Ciob_streams
 .rodata.__assertion_failed.str1.1
                0x0000000000005e5c       0x15 /usr/local/mcuxpressoide-11.5.0_7232/ide/plugins/com.nxp.mcuxpresso.tools.linux_11.5.0.202107051138/tools/bin/../lib/gcc/arm-none-eabi/10.3.1/../../../../arm-none-eabi/lib/thumb/v8-m.main+fp/hard/libcr_nohost_nf.a(_cr_assert.o)
 .rodata._Csys_alloc.str1.1
                0x0000000000005e71       0x18 /usr/local/mcuxpressoide-11.5.0_7232/ide/plugins/com.nxp.mcuxpresso.tools.linux_11.5.0.202107051138/tools/bin/../lib/gcc/arm-none-eabi/10.3.1/../../../../arm-none-eabi/lib/thumb/v8-m.main+fp/hard/libcr_c.a(alloc.o)
 .rodata._initio.str1.1
                0x0000000000005e89        0x4 /usr/local/mcuxpressoide-11.5.0_7232/ide/plugins/com.nxp.mcuxpresso.tools.linux_11.5.0.202107051138/tools/bin/../lib/gcc/arm-none-eabi/10.3.1/../../../../arm-none-eabi/lib/thumb/v8-m.main+fp/hard/libcr_c.a(initio.o)
                0x0000000000005e90                . = ALIGN (0x4)
 *fill*         0x0000000000005e8d        0x3 ff

.glue_7         0x0000000000005e90        0x0
 .glue_7        0x0000000000005e90        0x0 linker stubs

.glue_7t        0x0000000000005e90        0x0
 .glue_7t       0x0000000000005e90        0x0 linker stubs

.vfp11_veneer   0x0000000000005e90        0x0
 .vfp11_veneer  0x0000000000005e90        0x0 linker stubs

.v4_bx          0x0000000000005e90        0x0
 .v4_bx         0x0000000000005e90        0x0 linker stubs

.iplt           0x0000000000005e90        0x0
 .iplt          0x0000000000005e90        0x0 ./utilities/fsl_debug_console.o

.rel.dyn        0x0000000000005e90        0x0
 .rel.iplt      0x0000000000005e90        0x0 ./utilities/fsl_debug_console.o

.ARM.extab
 *(SORT_BY_ALIGNMENT(.ARM.extab*) SORT_BY_ALIGNMENT(.gnu.linkonce.armextab.*))

.ARM.exidx      0x0000000000005e90        0x0
                0x0000000000005e90                __exidx_start = .
 *(SORT_BY_ALIGNMENT(.ARM.exidx*) SORT_BY_ALIGNMENT(.gnu.linkonce.armexidx.*))
                0x0000000000005e90                __exidx_end = .
                0x0000000000005e90                _etext = .

.m_usb_data
 *(SORT_BY_ALIGNMENT(m_usb_global))

.data_RAM2      0x0000000004000000        0x0 load address 0x0000000000005e90
 FILL mask 0xff
                [!provide]                        PROVIDE (__start_data_RAM2 = .)
                [!provide]                        PROVIDE (__start_data_SRAMX = .)
 *(SORT_BY_ALIGNMENT(.ramfunc.$RAM2))
 *(SORT_BY_ALIGNMENT(.ramfunc.$SRAMX))
 *(SORT_BY_ALIGNMENT(.data.$RAM2))
 *(SORT_BY_ALIGNMENT(.data.$SRAMX))
 *(SORT_BY_ALIGNMENT(.data.$RAM2.*))
 *(SORT_BY_ALIGNMENT(.data.$SRAMX.*))
                0x0000000004000000                . = ALIGN (0x4)
                [!provide]                        PROVIDE (__end_data_RAM2 = .)
                [!provide]                        PROVIDE (__end_data_SRAMX = .)

.data_RAM3      0x0000000040100000        0x0 load address 0x0000000000005e90
 FILL mask 0xff
                [!provide]                        PROVIDE (__start_data_RAM3 = .)
                [!provide]                        PROVIDE (__start_data_USB_RAM = .)
 *(SORT_BY_ALIGNMENT(.ramfunc.$RAM3))
 *(SORT_BY_ALIGNMENT(.ramfunc.$USB_RAM))
 *(SORT_BY_ALIGNMENT(.data.$RAM3))
 *(SORT_BY_ALIGNMENT(.data.$USB_RAM))
 *(SORT_BY_ALIGNMENT(.data.$RAM3.*))
 *(SORT_BY_ALIGNMENT(.data.$USB_RAM.*))
                0x0000000040100000                . = ALIGN (0x4)
                [!provide]                        PROVIDE (__end_data_RAM3 = .)
                [!provide]                        PROVIDE (__end_data_USB_RAM = .)

.data_RAM4      0x0000000020040000        0x0 load address 0x0000000000005e90
 FILL mask 0xff
                [!provide]                        PROVIDE (__start_data_RAM4 = .)
                [!provide]                        PROVIDE (__start_data_SRAM4 = .)
 *(SORT_BY_ALIGNMENT(.ramfunc.$RAM4))
 *(SORT_BY_ALIGNMENT(.ramfunc.$SRAM4))
 *(SORT_BY_ALIGNMENT(.data.$RAM4))
 *(SORT_BY_ALIGNMENT(.data.$SRAM4))
 *(SORT_BY_ALIGNMENT(.data.$RAM4.*))
 *(SORT_BY_ALIGNMENT(.data.$SRAM4.*))
                0x0000000020040000                . = ALIGN (0x4)
                [!provide]                        PROVIDE (__end_data_RAM4 = .)
                [!provide]                        PROVIDE (__end_data_SRAM4 = .)

.uninit_RESERVED
                0x0000000020000000        0x0
                0x0000000020000000                _start_uninit_RESERVED = .
 *(SORT_BY_ALIGNMENT(.bss.$RESERVED*))
                0x0000000020000000                . = ALIGN (0x4)
                0x0000000020000000                _end_uninit_RESERVED = .

.data           0x0000000020000000       0x10 load address 0x0000000000005e90
 FILL mask 0xff
                0x0000000020000000                _data = .
                [!provide]                        PROVIDE (__start_data_RAM = .)
                [!provide]                        PROVIDE (__start_data_SRAM = .)
 *(SORT_BY_ALIGNMENT(vtable))
 *(SORT_BY_ALIGNMENT(.ramfunc*))
 *(SORT_BY_ALIGNMENT(CodeQuickAccess))
 *(SORT_BY_ALIGNMENT(DataQuickAccess))
 *(SORT_BY_ALIGNMENT(RamFunction))
 *(SORT_BY_ALIGNMENT(.data*))
 .data.ulCriticalNesting
                0x0000000020000000        0x4 ./freertos/freertos_kernel/portable/GCC/ARM_CM33_NTZ/non_secure/port.o
 .data.uxTopUsedPriority
                0x0000000020000004        0x4 ./freertos/freertos_kernel/tasks.o
                0x0000000020000004                uxTopUsedPriority
 .data.s_Ext_Clk_Freq
                0x0000000020000008        0x4 ./drivers/fsl_clock.o
 .data.SystemCoreClock
                0x000000002000000c        0x4 ./device/system_LPC55S69_cm33_core0.o
                0x000000002000000c                SystemCoreClock
                0x0000000020000010                . = ALIGN (0x4)
                0x0000000020000010                _edata = .
                [!provide]                        PROVIDE (__end_data_RAM = .)
                [!provide]                        PROVIDE (__end_data_SRAM = .)

.igot.plt       0x0000000020000010        0x0 load address 0x0000000000005ea0
 .igot.plt      0x0000000020000010        0x0 ./utilities/fsl_debug_console.o

.bss_RAM2       0x0000000004000000        0x0
                [!provide]                        PROVIDE (__start_bss_RAM2 = .)
                [!provide]                        PROVIDE (__start_bss_SRAMX = .)
 *(SORT_BY_ALIGNMENT(.bss.$RAM2))
 *(SORT_BY_ALIGNMENT(.bss.$SRAMX))
 *(SORT_BY_ALIGNMENT(.bss.$RAM2.*))
 *(SORT_BY_ALIGNMENT(.bss.$SRAMX.*))
                0x0000000004000000                . = ALIGN ((. != 0x0)?0x4:0x1)
                [!provide]                        PROVIDE (__end_bss_RAM2 = .)
                [!provide]                        PROVIDE (__end_bss_SRAMX = .)

.bss_RAM3       0x0000000040100000        0x0
                [!provide]                        PROVIDE (__start_bss_RAM3 = .)
                [!provide]                        PROVIDE (__start_bss_USB_RAM = .)
 *(SORT_BY_ALIGNMENT(.bss.$RAM3))
 *(SORT_BY_ALIGNMENT(.bss.$USB_RAM))
 *(SORT_BY_ALIGNMENT(.bss.$RAM3.*))
 *(SORT_BY_ALIGNMENT(.bss.$USB_RAM.*))
                0x0000000040100000                . = ALIGN ((. != 0x0)?0x4:0x1)
                [!provide]                        PROVIDE (__end_bss_RAM3 = .)
                [!provide]                        PROVIDE (__end_bss_USB_RAM = .)

.bss_RAM4       0x0000000020040000        0x0
                [!provide]                        PROVIDE (__start_bss_RAM4 = .)
                [!provide]                        PROVIDE (__start_bss_SRAM4 = .)
 *(SORT_BY_ALIGNMENT(.bss.$RAM4))
 *(SORT_BY_ALIGNMENT(.bss.$SRAM4))
 *(SORT_BY_ALIGNMENT(.bss.$RAM4.*))
 *(SORT_BY_ALIGNMENT(.bss.$SRAM4.*))
                0x0000000020040000                . = ALIGN ((. != 0x0)?0x4:0x1)
                [!provide]                        PROVIDE (__end_bss_RAM4 = .)
                [!provide]                        PROVIDE (__end_bss_SRAM4 = .)

.bss            0x0000000020000010     0x2adc
                0x0000000020000010                _bss = .
                [!provide]                        PROVIDE (__start_bss_RAM = .)
                [!provide]                        PROVIDE (__start_bss_SRAM = .)
 *(SORT_BY_ALIGNMENT(.bss*))
 .bss.s_debugConsoleState
                0x0000000020000010       0x20 ./utilities/fsl_debug_console.o
 .bss.g_serialHandle
                0x0000000020000030        0x4 ./utilities/fsl_debug_console.o
                0x0000000020000030                g_serialHandle
 .bss.i.0       0x0000000020000034        0x4 ./source/LPC55S69_M3C.o
 .bss.ucHeap    0x0000000020000038     0x2800 ./freertos/freertos_kernel/portable/MemMang/heap_4.o
 .bss.xStart    0x0000000020002838        0x8 ./freertos/freertos_kernel/portable/MemMang/heap_4.o
 .bss.pxEnd     0x0000000020002840        0x4 ./freertos/freertos_kernel/portable/MemMang/heap_4.o
 .bss.xFreeBytesRemaining
                0x0000000020002844        0x4 ./freertos/freertos_kernel/portable/MemMang/heap_4.o
 .bss.xMinimumEverFreeBytesRemaining
                0x0000000020002848        0x4 ./freertos/freertos_kernel/portable/MemMang/heap_4.o
 .bss.xNumberOfSuccessfulAllocations
                0x000000002000284c        0x4 ./freertos/freertos_kernel/portable/MemMang/heap_4.o
 .bss.xNumberOfSuccessfulFrees
                0x0000000020002850        0x4 ./freertos/freertos_kernel/portable/MemMang/heap_4.o
 .bss.xBlockAllocatedBit
                0x0000000020002854        0x4 ./freertos/freertos_kernel/portable/MemMang/heap_4.o
 .bss.xQueueRegistry
                0x0000000020002858       0x40 ./freertos/freertos_kernel/queue.o
                0x0000000020002858                xQueueRegistry
 .bss.pxCurrentTCB
                0x0000000020002898        0x4 ./freertos/freertos_kernel/tasks.o
                0x0000000020002898                pxCurrentTCB
 .bss.pxReadyTasksLists
                0x000000002000289c       0x64 ./freertos/freertos_kernel/tasks.o
 .bss.xDelayedTaskList1
                0x0000000020002900       0x14 ./freertos/freertos_kernel/tasks.o
 .bss.xDelayedTaskList2
                0x0000000020002914       0x14 ./freertos/freertos_kernel/tasks.o
 .bss.pxDelayedTaskList
                0x0000000020002928        0x4 ./freertos/freertos_kernel/tasks.o
 .bss.pxOverflowDelayedTaskList
                0x000000002000292c        0x4 ./freertos/freertos_kernel/tasks.o
 .bss.xPendingReadyList
                0x0000000020002930       0x14 ./freertos/freertos_kernel/tasks.o
 .bss.xTasksWaitingTermination
                0x0000000020002944       0x14 ./freertos/freertos_kernel/tasks.o
 .bss.uxDeletedTasksWaitingCleanUp
                0x0000000020002958        0x4 ./freertos/freertos_kernel/tasks.o
 .bss.xSuspendedTaskList
                0x000000002000295c       0x14 ./freertos/freertos_kernel/tasks.o
 .bss.uxCurrentNumberOfTasks
                0x0000000020002970        0x4 ./freertos/freertos_kernel/tasks.o
 .bss.xTickCount
                0x0000000020002974        0x4 ./freertos/freertos_kernel/tasks.o
 .bss.uxTopReadyPriority
                0x0000000020002978        0x4 ./freertos/freertos_kernel/tasks.o
 .bss.xSchedulerRunning
                0x000000002000297c        0x4 ./freertos/freertos_kernel/tasks.o
 .bss.xPendedTicks
                0x0000000020002980        0x4 ./freertos/freertos_kernel/tasks.o
 .bss.xYieldPending
                0x0000000020002984        0x4 ./freertos/freertos_kernel/tasks.o
 .bss.xNumOfOverflows
                0x0000000020002988        0x4 ./freertos/freertos_kernel/tasks.o
 .bss.uxTaskNumber
                0x000000002000298c        0x4 ./freertos/freertos_kernel/tasks.o
 .bss.xNextTaskUnblockTime
                0x0000000020002990        0x4 ./freertos/freertos_kernel/tasks.o
 .bss.xIdleTaskHandle
                0x0000000020002994        0x4 ./freertos/freertos_kernel/tasks.o
 .bss.uxSchedulerSuspended
                0x0000000020002998        0x4 ./freertos/freertos_kernel/tasks.o
 .bss.xActiveTimerList1
                0x000000002000299c       0x14 ./freertos/freertos_kernel/timers.o
 .bss.xActiveTimerList2
                0x00000000200029b0       0x14 ./freertos/freertos_kernel/timers.o
 .bss.pxCurrentTimerList
                0x00000000200029c4        0x4 ./freertos/freertos_kernel/timers.o
 .bss.pxOverflowTimerList
                0x00000000200029c8        0x4 ./freertos/freertos_kernel/timers.o
 .bss.xTimerQueue
                0x00000000200029cc        0x4 ./freertos/freertos_kernel/timers.o
 .bss.xTimerTaskHandle
                0x00000000200029d0        0x4 ./freertos/freertos_kernel/timers.o
 .bss.xLastTime.0
                0x00000000200029d4        0x4 ./freertos/freertos_kernel/timers.o
 .bss.s_Pll0_Freq
                0x00000000200029d8        0x4 ./drivers/fsl_clock.o
 .bss.s_flexcommIrqHandler
                0x00000000200029dc       0x24 ./drivers/fsl_flexcomm.o
 .bss.s_flexcommHandle
                0x0000000020002a00       0x24 ./drivers/fsl_flexcomm.o
 .bss.s_sctimerIsr
                0x0000000020002a24        0x4 ./drivers/fsl_sctimer.o
 .bss.__Ciob    0x0000000020002a28       0xb4 /usr/local/mcuxpressoide-11.5.0_7232/ide/plugins/com.nxp.mcuxpresso.tools.linux_11.5.0.202107051138/tools/bin/../lib/gcc/arm-none-eabi/10.3.1/../../../../arm-none-eabi/lib/thumb/v8-m.main+fp/hard/libcr_nohost_nf.a(__ciob.o)
                0x0000000020002a28                __Ciob
 .bss.errno     0x0000000020002adc        0x4 /usr/local/mcuxpressoide-11.5.0_7232/ide/plugins/com.nxp.mcuxpresso.tools.linux_11.5.0.202107051138/tools/bin/../lib/gcc/arm-none-eabi/10.3.1/../../../../arm-none-eabi/lib/thumb/v8-m.main+fp/hard/libcr_c.a(errno.o)
                0x0000000020002adc                errno
 .bss.__end_of_heap
                0x0000000020002ae0        0x4 /usr/local/mcuxpressoide-11.5.0_7232/ide/plugins/com.nxp.mcuxpresso.tools.linux_11.5.0.202107051138/tools/bin/../lib/gcc/arm-none-eabi/10.3.1/../../../../arm-none-eabi/lib/thumb/v8-m.main+fp/hard/libcr_c.a(__init_alloc.o)
                0x0000000020002ae0                __end_of_heap
 .bss.__heaps   0x0000000020002ae4        0x4 /usr/local/mcuxpressoide-11.5.0_7232/ide/plugins/com.nxp.mcuxpresso.tools.linux_11.5.0.202107051138/tools/bin/../lib/gcc/arm-none-eabi/10.3.1/../../../../arm-none-eabi/lib/thumb/v8-m.main+fp/hard/libcr_c.a(__init_alloc.o)
                0x0000000020002ae4                __heaps
 .bss.s_debugConsoleReadWaitSemaphore
                0x0000000020002ae8        0x1 ./utilities/fsl_debug_console.o
 *(SORT_BY_ALIGNMENT(COMMON))
                0x0000000020002aec                . = ALIGN (0x4)
 *fill*         0x0000000020002ae9        0x3 
                0x0000000020002aec                _ebss = .
                [!provide]                        PROVIDE (__end_bss_RAM = .)
                [!provide]                        PROVIDE (__end_bss_SRAM = .)
                [!provide]                        PROVIDE (end = .)

.noinit_RAM2    0x0000000004000000        0x0
                [!provide]                        PROVIDE (__start_noinit_RAM2 = .)
                [!provide]                        PROVIDE (__start_noinit_SRAMX = .)
 *(SORT_BY_ALIGNMENT(.noinit.$RAM2))
 *(SORT_BY_ALIGNMENT(.noinit.$SRAMX))
 *(SORT_BY_ALIGNMENT(.noinit.$RAM2.*))
 *(SORT_BY_ALIGNMENT(.noinit.$SRAMX.*))
                0x0000000004000000                . = ALIGN (0x4)
                [!provide]                        PROVIDE (__end_noinit_RAM2 = .)
                [!provide]                        PROVIDE (__end_noinit_SRAMX = .)

.noinit_RAM3    0x0000000040100000        0x0
                [!provide]                        PROVIDE (__start_noinit_RAM3 = .)
                [!provide]                        PROVIDE (__start_noinit_USB_RAM = .)
 *(SORT_BY_ALIGNMENT(.noinit.$RAM3))
 *(SORT_BY_ALIGNMENT(.noinit.$USB_RAM))
 *(SORT_BY_ALIGNMENT(.noinit.$RAM3.*))
 *(SORT_BY_ALIGNMENT(.noinit.$USB_RAM.*))
                0x0000000040100000                . = ALIGN (0x4)
                [!provide]                        PROVIDE (__end_noinit_RAM3 = .)
                [!provide]                        PROVIDE (__end_noinit_USB_RAM = .)

.noinit_RAM4    0x0000000020040000        0x0
                [!provide]                        PROVIDE (__start_noinit_RAM4 = .)
                [!provide]                        PROVIDE (__start_noinit_SRAM4 = .)
 *(SORT_BY_ALIGNMENT(.noinit.$RAM4))
 *(SORT_BY_ALIGNMENT(.noinit.$SRAM4))
 *(SORT_BY_ALIGNMENT(.noinit.$RAM4.*))
 *(SORT_BY_ALIGNMENT(.noinit.$SRAM4.*))
                0x0000000020040000                . = ALIGN (0x4)
                [!provide]                        PROVIDE (__end_noinit_RAM4 = .)
                [!provide]                        PROVIDE (__end_noinit_SRAM4 = .)

.noinit         0x0000000020002aec        0x0
                0x0000000020002aec                _noinit = .
                [!provide]                        PROVIDE (__start_noinit_RAM = .)
                [!provide]                        PROVIDE (__start_noinit_SRAM = .)
 *(SORT_BY_ALIGNMENT(.noinit*))
                0x0000000020002aec                . = ALIGN (0x4)
                0x0000000020002aec                _end_noinit = .
                [!provide]                        PROVIDE (__end_noinit_RAM = .)
                [!provide]                        PROVIDE (__end_noinit_SRAM = .)
                0x0000000000001000                _HeapSize = 0x1000

.heap           0x0000000020002aec     0x1000
                0x0000000020002aec                _pvHeapStart = .
                0x0000000020003aec                . = (. + _HeapSize)
 *fill*         0x0000000020002aec     0x1000 
                0x0000000020003aec                . = ALIGN (0x4)
                0x0000000020003aec                _pvHeapLimit = .
                0x0000000000001000                _StackSize = 0x1000

.heap2stackfill
                0x0000000020003aec     0x1000
                0x0000000020004aec                . = (. + _StackSize)
 *fill*         0x0000000020003aec     0x1000 

.stack          0x000000002003f000        0x0
                0x000000002003f000                _vStackBase = .
                0x000000002003f000                . = ALIGN (0x4)
                0x0000000020040000                _vStackTop = (. + _StackSize)
                [!provide]                        PROVIDE (__valid_user_code_checksum = (0x0 - ((((((_vStackTop + (ResetISR + 0x1)) + (NMI_Handler + 0x1)) + (HardFault_Handler + 0x1)) + (DEFINED (MemManage_Handler)?MemManage_Handler:0x0 + 0x1)) + (DEFINED (BusFault_Handler)?BusFault_Handler:0x0 + 0x1)) + (DEFINED (UsageFault_Handler)?UsageFault_Handler:0x0 + 0x1))))
                0x0000000000000000                _image_start = LOADADDR (.text)
                0x0000000000005ea0                _image_end = (LOADADDR (.data) + SIZEOF (.data))
                0x0000000000005ea0                _image_size = (_image_end - _image_start)
OUTPUT(LPC55S69_M3C.axf elf32-littlearm)
LOAD linker stubs

.debug_info     0x0000000000000000    0x1a1d1
 .debug_info    0x0000000000000000      0xc7b ./utilities/fsl_debug_console.o
 .debug_info    0x0000000000000c7b      0xafc ./utilities/fsl_str.o
 .debug_info    0x0000000000001777      0x707 ./startup/startup_lpc55s69_cm33_core0.o
 .debug_info    0x0000000000001e7e      0x3db ./source/LPC55S69_M3C.o
 .debug_info    0x0000000000002259       0x3c ./source/semihost_hardfault.o
 .debug_info    0x0000000000002295      0x41b ./freertos/freertos_kernel/portable/MemMang/heap_4.o
 .debug_info    0x00000000000026b0      0x2af ./freertos/freertos_kernel/portable/GCC/ARM_CM33_NTZ/non_secure/port.o
 .debug_info    0x000000000000295f      0x14d ./freertos/freertos_kernel/portable/GCC/ARM_CM33_NTZ/non_secure/portasm.o
 .debug_info    0x0000000000002aac      0x2be ./freertos/freertos_kernel/list.o
 .debug_info    0x0000000000002d6a     0x110c ./freertos/freertos_kernel/queue.o
 .debug_info    0x0000000000003e76     0x1a95 ./freertos/freertos_kernel/tasks.o
 .debug_info    0x000000000000590b      0xc77 ./freertos/freertos_kernel/timers.o
 .debug_info    0x0000000000006582     0x331f ./drivers/fsl_clock.o
 .debug_info    0x00000000000098a1       0xf5 ./drivers/fsl_common_arm.o
 .debug_info    0x0000000000009996     0x1adf ./drivers/fsl_flexcomm.o
 .debug_info    0x000000000000b475     0x1757 ./drivers/fsl_gpio.o
 .debug_info    0x000000000000cbcc     0x2a56 ./drivers/fsl_power.o
 .debug_info    0x000000000000f622      0xee3 ./drivers/fsl_reset.o
 .debug_info    0x0000000000010505     0x260d ./drivers/fsl_sctimer.o
 .debug_info    0x0000000000012b12     0x1773 ./drivers/fsl_usart.o
 .debug_info    0x0000000000014285     0x14af ./device/system_LPC55S69_cm33_core0.o
 .debug_info    0x0000000000015734      0xc4e ./component/uart/fsl_adapter_usart.o
 .debug_info    0x0000000000016382      0x907 ./component/serial_manager/fsl_component_serial_manager.o
 .debug_info    0x0000000000016c89      0x479 ./component/serial_manager/fsl_component_serial_port_uart.o
 .debug_info    0x0000000000017102      0x80a ./board/board.o
 .debug_info    0x000000000001790c     0x16e2 ./board/clock_config.o
 .debug_info    0x0000000000018fee       0x3c ./board/peripherals.o
 .debug_info    0x000000000001902a     0x11a7 ./board/pin_mux.o

.debug_abbrev   0x0000000000000000     0x32bd
 .debug_abbrev  0x0000000000000000      0x232 ./utilities/fsl_debug_console.o
 .debug_abbrev  0x0000000000000232      0x24d ./utilities/fsl_str.o
 .debug_abbrev  0x000000000000047f      0x165 ./startup/startup_lpc55s69_cm33_core0.o
 .debug_abbrev  0x00000000000005e4      0x16d ./source/LPC55S69_M3C.o
 .debug_abbrev  0x0000000000000751       0x31 ./source/semihost_hardfault.o
 .debug_abbrev  0x0000000000000782      0x175 ./freertos/freertos_kernel/portable/MemMang/heap_4.o
 .debug_abbrev  0x00000000000008f7      0x13c ./freertos/freertos_kernel/portable/GCC/ARM_CM33_NTZ/non_secure/port.o
 .debug_abbrev  0x0000000000000a33       0xb9 ./freertos/freertos_kernel/portable/GCC/ARM_CM33_NTZ/non_secure/portasm.o
 .debug_abbrev  0x0000000000000aec       0xf2 ./freertos/freertos_kernel/list.o
 .debug_abbrev  0x0000000000000bde      0x207 ./freertos/freertos_kernel/queue.o
 .debug_abbrev  0x0000000000000de5      0x27e ./freertos/freertos_kernel/tasks.o
 .debug_abbrev  0x0000000000001063      0x216 ./freertos/freertos_kernel/timers.o
 .debug_abbrev  0x0000000000001279      0x374 ./drivers/fsl_clock.o
 .debug_abbrev  0x00000000000015ed       0x92 ./drivers/fsl_common_arm.o
 .debug_abbrev  0x000000000000167f      0x2c0 ./drivers/fsl_flexcomm.o
 .debug_abbrev  0x000000000000193f      0x210 ./drivers/fsl_gpio.o
 .debug_abbrev  0x0000000000001b4f      0x335 ./drivers/fsl_power.o
 .debug_abbrev  0x0000000000001e84      0x15a ./drivers/fsl_reset.o
 .debug_abbrev  0x0000000000001fde      0x36e ./drivers/fsl_sctimer.o
 .debug_abbrev  0x000000000000234c      0x302 ./drivers/fsl_usart.o
 .debug_abbrev  0x000000000000264e      0x1fa ./device/system_LPC55S69_cm33_core0.o
 .debug_abbrev  0x0000000000002848      0x1e0 ./component/uart/fsl_adapter_usart.o
 .debug_abbrev  0x0000000000002a28      0x23d ./component/serial_manager/fsl_component_serial_manager.o
 .debug_abbrev  0x0000000000002c65      0x167 ./component/serial_manager/fsl_component_serial_port_uart.o
 .debug_abbrev  0x0000000000002dcc       0xb5 ./board/board.o
 .debug_abbrev  0x0000000000002e81      0x1ea ./board/clock_config.o
 .debug_abbrev  0x000000000000306b       0x31 ./board/peripherals.o
 .debug_abbrev  0x000000000000309c      0x221 ./board/pin_mux.o

.debug_aranges  0x0000000000000000     0x1208
 .debug_aranges
                0x0000000000000000       0xa8 ./utilities/fsl_debug_console.o
 .debug_aranges
                0x00000000000000a8       0xb8 ./utilities/fsl_str.o
 .debug_aranges
                0x0000000000000160      0x268 ./startup/startup_lpc55s69_cm33_core0.o
 .debug_aranges
                0x00000000000003c8       0x40 ./source/LPC55S69_M3C.o
 .debug_aranges
                0x0000000000000408       0x20 ./source/semihost_hardfault.o
 .debug_aranges
                0x0000000000000428       0x58 ./freertos/freertos_kernel/portable/MemMang/heap_4.o
 .debug_aranges
                0x0000000000000480       0x70 ./freertos/freertos_kernel/portable/GCC/ARM_CM33_NTZ/non_secure/port.o
 .debug_aranges
                0x00000000000004f0       0x60 ./freertos/freertos_kernel/portable/GCC/ARM_CM33_NTZ/non_secure/portasm.o
 .debug_aranges
                0x0000000000000550       0x40 ./freertos/freertos_kernel/list.o
 .debug_aranges
                0x0000000000000590      0x130 ./freertos/freertos_kernel/queue.o
 .debug_aranges
                0x00000000000006c0      0x208 ./freertos/freertos_kernel/tasks.o
 .debug_aranges
                0x00000000000008c8       0xe8 ./freertos/freertos_kernel/timers.o
 .debug_aranges
                0x00000000000009b0      0x228 ./drivers/fsl_clock.o
 .debug_aranges
                0x0000000000000bd8       0x28 ./drivers/fsl_common_arm.o
 .debug_aranges
                0x0000000000000c00       0x90 ./drivers/fsl_flexcomm.o
 .debug_aranges
                0x0000000000000c90       0x38 ./drivers/fsl_gpio.o
 .debug_aranges
                0x0000000000000cc8       0xc8 ./drivers/fsl_power.o
 .debug_aranges
                0x0000000000000d90       0x30 ./drivers/fsl_reset.o
 .debug_aranges
                0x0000000000000dc0       0xc8 ./drivers/fsl_sctimer.o
 .debug_aranges
                0x0000000000000e88       0xf8 ./drivers/fsl_usart.o
 .debug_aranges
                0x0000000000000f80       0x88 ./device/system_LPC55S69_cm33_core0.o
 .debug_aranges
                0x0000000000001008       0x58 ./component/uart/fsl_adapter_usart.o
 .debug_aranges
                0x0000000000001060       0x98 ./component/serial_manager/fsl_component_serial_manager.o
 .debug_aranges
                0x00000000000010f8       0x48 ./component/serial_manager/fsl_component_serial_port_uart.o
 .debug_aranges
                0x0000000000001140       0x20 ./board/board.o
 .debug_aranges
                0x0000000000001160       0x50 ./board/clock_config.o
 .debug_aranges
                0x00000000000011b0       0x20 ./board/peripherals.o
 .debug_aranges
                0x00000000000011d0       0x38 ./board/pin_mux.o

.debug_ranges   0x0000000000000000     0x1078
 .debug_ranges  0x0000000000000000       0x98 ./utilities/fsl_debug_console.o
 .debug_ranges  0x0000000000000098       0xd8 ./utilities/fsl_str.o
 .debug_ranges  0x0000000000000170      0x258 ./startup/startup_lpc55s69_cm33_core0.o
 .debug_ranges  0x00000000000003c8       0x30 ./source/LPC55S69_M3C.o
 .debug_ranges  0x00000000000003f8       0x10 ./source/semihost_hardfault.o
 .debug_ranges  0x0000000000000408       0x48 ./freertos/freertos_kernel/portable/MemMang/heap_4.o
 .debug_ranges  0x0000000000000450       0x60 ./freertos/freertos_kernel/portable/GCC/ARM_CM33_NTZ/non_secure/port.o
 .debug_ranges  0x00000000000004b0       0x50 ./freertos/freertos_kernel/portable/GCC/ARM_CM33_NTZ/non_secure/portasm.o
 .debug_ranges  0x0000000000000500       0x30 ./freertos/freertos_kernel/list.o
 .debug_ranges  0x0000000000000530      0x120 ./freertos/freertos_kernel/queue.o
 .debug_ranges  0x0000000000000650      0x1f8 ./freertos/freertos_kernel/tasks.o
 .debug_ranges  0x0000000000000848       0xd8 ./freertos/freertos_kernel/timers.o
 .debug_ranges  0x0000000000000920      0x218 ./drivers/fsl_clock.o
 .debug_ranges  0x0000000000000b38       0x18 ./drivers/fsl_common_arm.o
 .debug_ranges  0x0000000000000b50       0x80 ./drivers/fsl_flexcomm.o
 .debug_ranges  0x0000000000000bd0       0x28 ./drivers/fsl_gpio.o
 .debug_ranges  0x0000000000000bf8       0xb8 ./drivers/fsl_power.o
 .debug_ranges  0x0000000000000cb0       0x20 ./drivers/fsl_reset.o
 .debug_ranges  0x0000000000000cd0       0xb8 ./drivers/fsl_sctimer.o
 .debug_ranges  0x0000000000000d88       0xe8 ./drivers/fsl_usart.o
 .debug_ranges  0x0000000000000e70       0x78 ./device/system_LPC55S69_cm33_core0.o
 .debug_ranges  0x0000000000000ee8       0x48 ./component/uart/fsl_adapter_usart.o
 .debug_ranges  0x0000000000000f30       0x88 ./component/serial_manager/fsl_component_serial_manager.o
 .debug_ranges  0x0000000000000fb8       0x38 ./component/serial_manager/fsl_component_serial_port_uart.o
 .debug_ranges  0x0000000000000ff0       0x10 ./board/board.o
 .debug_ranges  0x0000000000001000       0x40 ./board/clock_config.o
 .debug_ranges  0x0000000000001040       0x10 ./board/peripherals.o
 .debug_ranges  0x0000000000001050       0x28 ./board/pin_mux.o

.debug_macro    0x0000000000000000    0x18e51
 .debug_macro   0x0000000000000000      0x279 ./utilities/fsl_debug_console.o
 .debug_macro   0x0000000000000279      0xac0 ./utilities/fsl_debug_console.o
 .debug_macro   0x0000000000000d39       0x10 ./utilities/fsl_debug_console.o
 .debug_macro   0x0000000000000d49       0x16 ./utilities/fsl_debug_console.o
 .debug_macro   0x0000000000000d5f       0x10 ./utilities/fsl_debug_console.o
 .debug_macro   0x0000000000000d6f      0x12e ./utilities/fsl_debug_console.o
 .debug_macro   0x0000000000000e9d       0x28 ./utilities/fsl_debug_console.o
 .debug_macro   0x0000000000000ec5      0x5b3 ./utilities/fsl_debug_console.o
 .debug_macro   0x0000000000001478      0x1c1 ./utilities/fsl_debug_console.o
 .debug_macro   0x0000000000001639      0x15a ./utilities/fsl_debug_console.o
 .debug_macro   0x0000000000001793      0x1c6 ./utilities/fsl_debug_console.o
 .debug_macro   0x0000000000001959       0x26 ./utilities/fsl_debug_console.o
 .debug_macro   0x000000000000197f      0x43a ./utilities/fsl_debug_console.o
 .debug_macro   0x0000000000001db9       0xb5 ./utilities/fsl_debug_console.o
 .debug_macro   0x0000000000001e6e      0x120 ./utilities/fsl_debug_console.o
 .debug_macro   0x0000000000001f8e       0x80 ./utilities/fsl_debug_console.o