../freertos/freertos_kernel/portable/GCC/ARM_CM33_NTZ/non_secure/port.c:553:32:vPortSetupTimerInterrupt	4	static
../freertos/freertos_kernel/portable/GCC/ARM_CM33_NTZ/non_secure/port.c:574:13:prvTaskExitError	16	static
../freertos/freertos_kernel/portable/GCC/ARM_CM33_NTZ/non_secure/port.c:710:6:vPortYield	4	static
../freertos/freertos_kernel/portable/GCC/ARM_CM33_NTZ/non_secure/port.c:722:6:vPortEnterCritical	8	static
../freertos/freertos_kernel/portable/GCC/ARM_CM33_NTZ/non_secure/port.c:734:6:vPortExitCritical	8	static
../freertos/freertos_kernel/portable/GCC/ARM_CM33_NTZ/non_secure/port.c:746:6:SysTick_Handler	16	static
../freertos/freertos_kernel/portable/GCC/ARM_CM33_NTZ/non_secure/port.c:763:6:vPortSVCHandler_C	24	static
../freertos/freertos_kernel/portable/GCC/ARM_CM33_NTZ/non_secure/port.c:889:19:pxPortInitialiseStack	24	static
../freertos/freertos_kernel/portable/GCC/ARM_CM33_NTZ/non_secure/port.c:1004:12:xPortStartScheduler	8	static
../freertos/freertos_kernel/portable/GCC/ARM_CM33_NTZ/non_secure/port.c:1041:6:vPortEndScheduler	8	static
../freertos/freertos_kernel/portable/GCC/ARM_CM33_NTZ/non_secure/port.c:1174:12:xPortIsInsideInterrupt	16	static
