../drivers/fsl_clock.h:983:20:CLOCK_EnableClock	24	static
../drivers/fsl_clock.h:993:20:CLOCK_DisableClock	24	static
../drivers/fsl_sctimer.h:503:20:SCTIMER_StartTimer	16	static
../drivers/fsl_sctimer.h:545:20:SCTIMER_StopTimer	16	static
../drivers/fsl_sctimer.h:893:20:SCTIMER_SetupOutputSetAction	24	static
../drivers/fsl_sctimer.h:909:20:SCTIMER_SetupOutputClearAction	24	static
../drivers/fsl_sctimer.h:937:20:SCTIMER_SetupCounterLimitAction	24	static
../drivers/fsl_sctimer.c:76:17:SCTIMER_GetInstance	24	static
../drivers/fsl_sctimer.c:105:10:SCTIMER_Init	24	static
../drivers/fsl_sctimer.c:165:6:SCTIMER_Deinit	16	static
../drivers/fsl_sctimer.c:193:6:SCTIMER_GetDefaultConfig	16	static
../drivers/fsl_sctimer.c:258:10:SCTIMER_SetupPwm	88	static
../drivers/fsl_sctimer.c:404:6:SCTIMER_UpdatePwmDutycycle	64	static
../drivers/fsl_sctimer.c:475:10:SCTIMER_CreateAndScheduleEvent	40	static
../drivers/fsl_sctimer.c:599:6:SCTIMER_ScheduleEvent	16	static
../drivers/fsl_sctimer.c:617:10:SCTIMER_IncreaseState	24	static
../drivers/fsl_sctimer.c:643:10:SCTIMER_GetCurrentState	16	static
../drivers/fsl_sctimer.c:657:6:SCTIMER_SetupOutputToggleAction	32	static
../drivers/fsl_sctimer.c:687:10:SCTIMER_SetupCaptureAction	32	static
../drivers/fsl_sctimer.c:757:6:SCTIMER_SetCallback	24	static
../drivers/fsl_sctimer.c:767:6:SCTIMER_EventHandleIRQ	32	static
../drivers/fsl_sctimer.c:799:6:SCT0_DriverIRQHandler	8	static
